 hello

 Timestamp is 5c9f24af (Sat Mar 30 16:11:27 2019)

 Preferred load address is 0000000180000000

 Start         Length     Name                   Class
 0001:00000000 0002c0c0H .text$mn                CODE
 0001:0002c0c0 00000020H .text$mn$00             CODE
 0001:0002c0e0 00000470H .text$x                 CODE
 0002:00000000 00000268H .idata$5                DATA
 0002:00000268 00000010H .00cfg                  DATA
 0002:00000278 00000008H .CRT$XCA                DATA
 0002:00000280 00000008H .CRT$XCU                DATA
 0002:00000288 00000008H .CRT$XCZ                DATA
 0002:00000290 00000008H .CRT$XIA                DATA
 0002:00000298 00000018H .CRT$XIC                DATA
 0002:000002b0 00000008H .CRT$XIZ                DATA
 0002:000002b8 00000008H .CRT$XPA                DATA
 0002:000002c0 00000010H .CRT$XPX                DATA
 0002:000002d0 00000008H .CRT$XPXA               DATA
 0002:000002d8 00000008H .CRT$XPZ                DATA
 0002:000002e0 00000008H .CRT$XTA                DATA
 0002:000002e8 00000008H .CRT$XTZ                DATA
 0002:000002f0 00000000H .gfids$y                DATA
 0002:000002f0 0000da08H .rdata                  DATA
 0002:0000dcf8 0000016cH .rdata$r                DATA
 0002:0000de64 000003a4H .rdata$zzzdbg           DATA
 0002:0000e208 00000008H .rtc$IAA                DATA
 0002:0000e210 00000008H .rtc$IZZ                DATA
 0002:0000e218 00000008H .rtc$TAA                DATA
 0002:0000e220 00000008H .rtc$TZZ                DATA
 0002:0000e228 00001c80H .xdata                  DATA
 0002:0000fea8 00000084H .xdata$x                DATA
 0002:0000ff2c 00000020H .didat$2                DATA
 0002:0000ff4c 00000024H .didat$3                DATA
 0002:0000ff70 00000068H .didat$4                DATA
 0002:0000ffd8 00000300H .didat$6                DATA
 0002:000102d8 00000068H .didat$7                DATA
 0002:00010340 00000050H .edata                  DATA
 0002:00010390 00000014H .idata$2                DATA
 0002:000103a4 00000014H .idata$3                DATA
 0002:000103b8 00000268H .idata$4                DATA
 0002:00010620 0000058aH .idata$6                DATA
 0003:00000000 00000a70H .data                   DATA
 0003:00000a70 00000070H .data$r                 DATA
 0003:00000ae0 00000070H .didat$5                DATA
 0003:00000b50 00001218H .bss                    DATA
 0004:00000000 00001998H .pdata                  DATA
 0005:00000000 00000060H .rsrc$01                DATA
 0005:00000060 00000180H .rsrc$02                DATA

  Address         Publics by Value              Rva+Base               Lib:Object

 0000:00000000       __hybrid_code_map_count    0000000000000000     <absolute>
 0000:00000000       __guard_longjmp_count      0000000000000000     <absolute>
 0000:00000000       __guard_iat_count          0000000000000000     <absolute>
 0000:00000000       __guard_longjmp_table      0000000000000000     <absolute>
 0000:00000000       __volatile_metadata        0000000000000000     <absolute>
 0000:00000000       __guard_iat_table          0000000000000000     <absolute>
 0000:00000000       __hybrid_code_map          0000000000000000     <absolute>
 0000:00000000       __enclave_config           0000000000000000     <absolute>
 0000:00000000       ___safe_se_handler_count   0000000000000000     <absolute>
 0000:00000000       __guard_fids_count         0000000000000000     <absolute>
 0000:00000000       ___safe_se_handler_table   0000000000000000     <absolute>
 0000:00000000       __guard_fids_table         0000000000000000     <absolute>
 0000:00000000       __hybrid_auxiliary_iat     0000000000000000     <absolute>
 0000:00000000       __dynamic_value_reloc_table 0000000000000000     <absolute>
 0000:00000100       __guard_flags              0000000000000100     <absolute>
 0000:00000000       __ImageBase                0000000180000000     <linker-defined>
 0001:00000000       ?Add@@YAXAEBV?$FunctionCallbackInfo@VValue@v8@@@v8@@@Z 0000000180001000 f   hello.obj
 0001:000003a0       ?Init@@YAXV?$Local@VObject@v8@@@v8@@@Z 00000001800013a0 f   hello.obj
 0001:000004c0       __local_stdio_printf_options 00000001800014c0 f i libspeexdsp:bits.obj
 0001:000004d0       fprintf                    00000001800014d0 f i libspeexdsp:bits.obj
 0001:00000520       speex_bits_pack            0000000180001520 f   libspeexdsp:bits.obj
 0001:00000640       speex_bits_unpack_unsigned 0000000180001640 f   libspeexdsp:bits.obj
 0001:000006d0       speex_bits_remaining       00000001800016d0 f   libspeexdsp:bits.obj
 0001:000006f0       speex_bits_insert_terminator 00000001800016f0 f   libspeexdsp:bits.obj
 0001:00000830       nb_mode_query              0000000180001830 f   libspeexdsp:speex.obj
 0001:00000910       nb_encoder_init            0000000180001910 f   libspeexdsp:nb_celp.obj
 0001:00000b30       nb_encoder_destroy         0000000180001b30 f   libspeexdsp:nb_celp.obj
 0001:00000b30       nb_decoder_destroy         0000000180001b30 f   libspeexdsp:nb_celp.obj
 0001:00000b30       ??3@YAXPEAX@Z              0000000180001b30 f   LIBCMT:delete_scalar.obj
 0001:00000b40       nb_encoder_ctl             0000000180001b40 f   libspeexdsp:nb_celp.obj
 0001:00001350       nb_encode                  0000000180002350 f   libspeexdsp:nb_celp.obj
 0001:00004320       nb_decoder_init            0000000180005320 f   libspeexdsp:nb_celp.obj
 0001:000044a0       nb_decoder_ctl             00000001800054a0 f   libspeexdsp:nb_celp.obj
 0001:000050a0       nb_decode                  00000001800060a0 f   libspeexdsp:nb_celp.obj
 0001:00008610       split_cb_search_shape_sign 0000000180009610 f   libspeexdsp:cb_search.obj
 0001:00009c20       split_cb_shape_sign_unquant 000000018000ac20 f   libspeexdsp:cb_search.obj
 0001:00009fd0       noise_codebook_quant       000000018000afd0 f   libspeexdsp:cb_search.obj
 0001:0000a1d0       noise_codebook_unquant     000000018000b1d0 f   libspeexdsp:cb_search.obj
 0001:0000a370       open_loop_nbest_pitch      000000018000b370 f   libspeexdsp:ltp.obj
 0001:0000bf70       pitch_search_3tap          000000018000cf70 f   libspeexdsp:ltp.obj
 0001:0000c340       pitch_unquant_3tap         000000018000d340 f   libspeexdsp:ltp.obj
 0001:0000c950       forced_pitch_quant         000000018000d950 f   libspeexdsp:ltp.obj
 0001:0000cdf0       forced_pitch_unquant       000000018000ddf0 f   libspeexdsp:ltp.obj
 0001:0000d630       lsp_quant_nb               000000018000e630 f   libspeexdsp:quant_lsp.obj
 0001:0000dff0       lsp_unquant_nb             000000018000eff0 f   libspeexdsp:quant_lsp.obj
 0001:0000ee00       lsp_quant_lbr              000000018000fe00 f   libspeexdsp:quant_lsp.obj
 0001:0000f6b0       lsp_unquant_lbr            00000001800106b0 f   libspeexdsp:quant_lsp.obj
 0001:00010010       bw_lpc                     0000000180011010 f   libspeexdsp:filters.obj
 0001:000100d0       sanitize_values32          00000001800110d0 f   libspeexdsp:filters.obj
 0001:00010290       highpass                   0000000180011290 f   libspeexdsp:filters.obj
 0001:000106d0       signal_mul                 00000001800116d0 f   libspeexdsp:filters.obj
 0001:000107f0       compute_rms                00000001800117f0 f   libspeexdsp:filters.obj
 0001:000108c0       filter_mem16               00000001800118c0 f   libspeexdsp:filters.obj
 0001:00010bf0       iir_mem16                  0000000180011bf0 f   libspeexdsp:filters.obj
 0001:00010e20       fir_mem16                  0000000180011e20 f   libspeexdsp:filters.obj
 0001:00011030       syn_percep_zero16          0000000180012030 f   libspeexdsp:filters.obj
 0001:00011130       residue_percep_zero16      0000000180012130 f   libspeexdsp:filters.obj
 0001:00011220       compute_impulse_response   0000000180012220 f   libspeexdsp:filters.obj
 0001:00011980       multicomb                  0000000180012980 f   libspeexdsp:filters.obj
 0001:000120e0       speex_inband_handler       00000001800130e0 f   libspeexdsp:speex_callbacks.obj
 0001:000122f0       speex_default_user_handler 00000001800132f0 f   libspeexdsp:speex_callbacks.obj
 0001:000124a0       vbr_analysis               00000001800134a0 f   libspeexdsp:vbr.obj
 0001:00013000       _spx_lpc                   0000000180014000 f   libspeexdsp:lpc.obj
 0001:00013290       lpc_to_lsp                 0000000180014290 f   libspeexdsp:lsp.obj
 0001:00013860       lsp_to_lpc                 0000000180014860 f   libspeexdsp:lsp.obj
 0001:00013f70       lsp_interpolate            0000000180014f70 f   libspeexdsp:lsp.obj
 0001:000142b0       vq_nbest                   00000001800152b0 f   libspeexdsp:vq.obj
 0001:00014530       vq_nbest_sign              0000000180015530 f   libspeexdsp:vq.obj
 0001:000147e3       __imp_load_?GetCurrent@Isolate@v8@@SAPEAV12@XZ 00000001800157e3 f   node:node.exe
 0001:000147ef       __tailMerge_node_exe       00000001800157ef     node:node.exe
 0001:00014868       __imp_load_??1HandleScope@v8@@QEAA@XZ 0000000180015868 f   node:node.exe
 0001:00014874       __imp_load_??0HandleScope@v8@@QEAA@PEAVIsolate@1@@Z 0000000180015874 f   node:node.exe
 0001:00014880       __imp_load_?GetFunction@FunctionTemplate@v8@@QEAA?AV?$Local@VFunction@v8@@@2@XZ 0000000180015880 f   node:node.exe
 0001:0001488c       __imp_load_?New@FunctionTemplate@v8@@SA?AV?$Local@VFunctionTemplate@v8@@@2@PEAVIsolate@2@P6AXAEBV?$FunctionCallbackInfo@VValue@v8@@@2@@ZV?$Local@VValue@v8@@@2@V?$Local@VSignature@v8@@@2@HW4ConstructorBehavior@2@@Z 000000018001588c f   node:node.exe
 0001:00014898       __imp_load_??1Utf8Value@String@v8@@QEAA@XZ 0000000180015898 f   node:node.exe
 0001:000148a4       __imp_load_??0Utf8Value@String@v8@@QEAA@V?$Local@VValue@v8@@@2@@Z 00000001800158a4 f   node:node.exe
 0001:000148b0       __imp_load_?NewFromUtf8@String@v8@@SA?AV?$Local@VString@v8@@@2@PEAVIsolate@2@PEBDW4NewStringType@12@H@Z 00000001800158b0 f   node:node.exe
 0001:000148bc       __imp_load_?Set@Object@v8@@QEAA_NV?$Local@VValue@v8@@@2@0@Z 00000001800158bc f   node:node.exe
 0001:000148c8       __imp_load_?SetName@Function@v8@@QEAAXV?$Local@VString@v8@@@2@@Z 00000001800158c8 f   node:node.exe
 0001:000148d4       __imp_load_node_module_register 00000001800158d4 f   node:node.exe
 0001:000148e0       __imp_load_?ToString@Value@v8@@QEBA?AV?$Local@VString@v8@@@2@XZ 00000001800158e0 f   node:node.exe
 0001:00014900       __security_check_cookie    0000000180015900 f   LIBCMT:_amdsecgs_.obj
 0001:00014c54       _DllMainCRTStartup         0000000180015c54 f   LIBCMT:dll_dllmain.obj
 0001:00014c94       __raise_securityfailure    0000000180015c94 f   LIBCMT:gs_report.obj
 0001:00014cc8       __report_gsfailure         0000000180015cc8 f   LIBCMT:gs_report.obj
 0001:00014d9c       __report_rangecheckfailure 0000000180015d9c f   LIBCMT:gs_report.obj
 0001:00014db0       __report_securityfailure   0000000180015db0 f   LIBCMT:gs_report.obj
 0001:00014f30       __security_init_cookie     0000000180015f30 f   LIBCMT:gs_support.obj
 0001:00014fdc       DllMain                    0000000180015fdc f   LIBCMT:dll_dllmain_stub.obj
 0001:00014fdc       _get_startup_argv_mode     0000000180015fdc f   LIBCMT:argv_mode.obj
 0001:00014fe4       ?__scrt_initialize_type_info@@YAXXZ 0000000180015fe4 f   LIBCMT:tncleanup.obj
 0001:00014ff4       ?__scrt_uninitialize_type_info@@YAXXZ 0000000180015ff4 f   LIBCMT:tncleanup.obj
 0001:00015000       __local_stdio_scanf_options 0000000180016000 f i LIBCMT:default_local_stdio_options.obj
 0001:00015008       __scrt_initialize_default_local_stdio_options 0000000180016008 f   LIBCMT:default_local_stdio_options.obj
 0001:00015024       __scrt_acquire_startup_lock 0000000180016024 f   LIBCMT:utility.obj
 0001:00015060       __scrt_dllmain_after_initialize_c 0000000180016060 f   LIBCMT:utility.obj
 0001:00015094       __scrt_dllmain_before_initialize_c 0000000180016094 f   LIBCMT:utility.obj
 0001:000150ac       __scrt_dllmain_crt_thread_attach 00000001800160ac f   LIBCMT:utility.obj
 0001:000150d4       __scrt_dllmain_crt_thread_detach 00000001800160d4 f   LIBCMT:utility.obj
 0001:000150ec       __scrt_dllmain_exception_filter 00000001800160ec f   LIBCMT:utility.obj
 0001:0001514c       __scrt_dllmain_uninitialize_c 000000018001614c f   LIBCMT:utility.obj
 0001:0001517c       __scrt_dllmain_uninitialize_critical 000000018001617c f   LIBCMT:utility.obj
 0001:00015190       __scrt_initialize_crt      0000000180016190 f   LIBCMT:utility.obj
 0001:000151dc       __scrt_initialize_onexit_tables 00000001800161dc f   LIBCMT:utility.obj
 0001:000152b4       __scrt_is_nonwritable_in_current_image 00000001800162b4 f   LIBCMT:utility.obj
 0001:00015350       __scrt_release_startup_lock 0000000180016350 f   LIBCMT:utility.obj
 0001:00015374       __scrt_uninitialize_crt    0000000180016374 f   LIBCMT:utility.obj
 0001:000153a0       __scrt_get_dyn_tls_init_callback 00000001800163a0 f   LIBCMT:dyn_tls_init.obj
 0001:000153a8       __crt_debugger_hook        00000001800163a8 f   LIBCMT:utility_desktop.obj
 0001:000153b0       __scrt_fastfail            00000001800163b0 f   LIBCMT:utility_desktop.obj
 0001:000154fc       _RTC_Initialize            00000001800164fc f   LIBCMT:_initsect_.obj
 0001:00015538       _RTC_Terminate             0000000180016538 f   LIBCMT:_initsect_.obj
 0001:00015574       _guard_check_icall_nop     0000000180016574 f i LIBCMT:guard_support.obj
 0001:00015578       __isa_available_init       0000000180016578 f   LIBCMT:_cpu_disp_.obj
 0001:00015734       __scrt_is_ucrt_dll_in_use  0000000180016734 f   LIBCMT:ucrt_detection.obj
 0001:00015740       __C_specific_handler       0000000180016740 f   libvcruntime:_riscchandler_.obj
 0001:0001594c       __std_type_info_compare    000000018001694c f   libvcruntime:std_type_info.obj
 0001:00015974       __std_type_info_destroy_list 0000000180016974 f   libvcruntime:std_type_info.obj
 0001:000159a0       __vcrt_initialize          00000001800169a0 f   libvcruntime:initialization.obj
 0001:000159d4       __vcrt_thread_attach       00000001800169d4 f   libvcruntime:initialization.obj
 0001:000159e8       __vcrt_thread_detach       00000001800169e8 f   libvcruntime:initialization.obj
 0001:000159fc       __vcrt_uninitialize        00000001800169fc f   libvcruntime:initialization.obj
 0001:00015a1c       __vcrt_uninitialize_critical 0000000180016a1c f   libvcruntime:initialization.obj
 0001:00015a40       memset_repmovs             0000000180016a40 f   libvcruntime:memset.obj
 0001:00015a60       memset                     0000000180016a60 f   libvcruntime:memset.obj
 0001:00015c00       _NLG_Notify                0000000180016c00 f   libvcruntime:_notify_.obj
 0001:00015c20       __NLG_Dispatch2            0000000180016c20 f   libvcruntime:_notify_.obj
 0001:00015c30       __NLG_Return2              0000000180016c30 f   libvcruntime:_notify_.obj
 0001:00015c34       __except_validate_context_record 0000000180016c34 f   libvcruntime:jbcxrval.obj
 0001:00015c6c       __DestructExceptionObject  0000000180016c6c f   libvcruntime:ehhelpers.obj
 0001:00015ce0       ?_CallMemberFunction0@@YAXQEAX0@Z 0000000180016ce0 f i libvcruntime:ehhelpers.obj
 0001:00015ce4       _IsExceptionObjectToBeDestroyed 0000000180016ce4 f   libvcruntime:ehhelpers.obj
 0001:00015d14       __AdjustPointer            0000000180016d14 f   libvcruntime:ehhelpers.obj
 0001:00015d38       __FrameUnwindFilter        0000000180016d38 f   libvcruntime:ehhelpers.obj
 0001:00015d84       __vcrt_freefls             0000000180016d84 f   libvcruntime:per_thread_data.obj
 0001:00015da4       __vcrt_freeptd             0000000180016da4 f   libvcruntime:per_thread_data.obj
 0001:00015df4       __vcrt_getptd              0000000180016df4 f   libvcruntime:per_thread_data.obj
 0001:00015e10       __vcrt_getptd_noexit       0000000180016e10 f   libvcruntime:per_thread_data.obj
 0001:00015edc       __vcrt_initialize_ptd      0000000180016edc f   libvcruntime:per_thread_data.obj
 0001:00015f30       __vcrt_uninitialize_ptd    0000000180016f30 f   libvcruntime:per_thread_data.obj
 0001:00015f54       __vcrt_initialize_locks    0000000180016f54 f   libvcruntime:locks.obj
 0001:00015f9c       __vcrt_uninitialize_locks  0000000180016f9c f   libvcruntime:locks.obj
 0001:000161ac       __vcrt_FlsAlloc            00000001800171ac f   libvcruntime:winapi_downlevel.obj
 0001:000161f4       __vcrt_FlsFree             00000001800171f4 f   libvcruntime:winapi_downlevel.obj
 0001:0001623c       __vcrt_FlsGetValue         000000018001723c f   libvcruntime:winapi_downlevel.obj
 0001:00016284       __vcrt_FlsSetValue         0000000180017284 f   libvcruntime:winapi_downlevel.obj
 0001:000162d8       __vcrt_InitializeCriticalSectionEx 00000001800172d8 f   libvcruntime:winapi_downlevel.obj
 0001:0001633c       __vcrt_initialize_winapi_thunks 000000018001733c f   libvcruntime:winapi_downlevel.obj
 0001:0001636c       __vcrt_uninitialize_winapi_thunks 000000018001736c f   libvcruntime:winapi_downlevel.obj
 0001:000163ac       __vcrt_initialize_pure_virtual_call_handler 00000001800173ac f   libvcruntime:purevirt_data.obj
 0001:000163bc       ??$_CallSETranslator@V__FrameHandler3@@@@YAHPEAUEHExceptionRecord@@PEA_KPEAU_CONTEXT@@PEAU_xDISPATCHER_CONTEXT@@PEBU_s_FuncInfo@@K1@Z 00000001800173bc f i libvcruntime:risctrnsctrl.obj
 0001:00016410       ?CatchTryBlock@__FrameHandler3@@SAPEBU_s_TryBlockMapEntry@@PEBU_s_FuncInfo@@H@Z 0000000180017410 f   libvcruntime:risctrnsctrl.obj
 0001:00016468       ?ExecutionInCatch@__FrameHandler3@@SA_NPEAU_xDISPATCHER_CONTEXT@@PEBU_s_FuncInfo@@@Z 0000000180017468 f   libvcruntime:risctrnsctrl.obj
 0001:00016494       ?FrameUnwindToEmptyState@__FrameHandler3@@SAXPEA_KPEAU_xDISPATCHER_CONTEXT@@PEBU_s_FuncInfo@@@Z 0000000180017494 f   libvcruntime:risctrnsctrl.obj
 0001:000164f8       ?GetEstablisherFrame@__FrameHandler3@@SAPEA_KPEA_KPEAU_xDISPATCHER_CONTEXT@@PEBU_s_FuncInfo@@0@Z 00000001800174f8 f   libvcruntime:risctrnsctrl.obj
 0001:000165c4       ?GetRangeOfTrysToCheck@__FrameHandler3@@SA?AU?$pair@Viterator@TryBlockMap@__FrameHandler3@@V123@@std@@AEAVTryBlockMap@1@HH@Z 00000001800175c4 f   libvcruntime:risctrnsctrl.obj
 0001:00016720       ?UnwindNestedFrames@__FrameHandler3@@SAXPEA_KPEAUEHExceptionRecord@@PEAU_CONTEXT@@0PEAXPEBU_s_FuncInfo@@HHPEBU_s_HandlerType@@PEAU_xDISPATCHER_CONTEXT@@E@Z 0000000180017720 f   libvcruntime:risctrnsctrl.obj
 0001:00016844       _CreateFrameInfo           0000000180017844 f   libvcruntime:risctrnsctrl.obj
 0001:00016880       _FindAndUnlinkFrame        0000000180017880 f   libvcruntime:risctrnsctrl.obj
 0001:000168d4       _GetImageBase              00000001800178d4 f   libvcruntime:risctrnsctrl.obj
 0001:000168e8       _GetThrowImageBase         00000001800178e8 f   libvcruntime:risctrnsctrl.obj
 0001:000168fc       _SetImageBase              00000001800178fc f   libvcruntime:risctrnsctrl.obj
 0001:00016914       _SetThrowImageBase         0000000180017914 f   libvcruntime:risctrnsctrl.obj
 0001:0001692c       __CxxFrameHandler3         000000018001792c f   libvcruntime:risctrnsctrl.obj
 0001:000169c0       memcpy_repmovs             00000001800179c0 f   libvcruntime:memcpy.obj
 0001:000169e0       memmove                    00000001800179e0 f   libvcruntime:memcpy.obj
 0001:000169e0       memcpy                     00000001800179e0 f   libvcruntime:memcpy.obj
 0001:00016e18       ?GetCurrentState@__FrameHandler3@@SAHPEA_KPEAU_xDISPATCHER_CONTEXT@@PEBU_s_FuncInfo@@@Z 0000000180017e18 f   libvcruntime:ehstate.obj
 0001:00016e40       ?GetUnwindTryBlock@__FrameHandler3@@SAHPEA_KPEAU_xDISPATCHER_CONTEXT@@PEBU_s_FuncInfo@@@Z 0000000180017e40 f   libvcruntime:ehstate.obj
 0001:00016e6c       ?SetState@__FrameHandler3@@SAXPEA_KPEBU_s_FuncInfo@@H@Z 0000000180017e6c f   libvcruntime:ehstate.obj
 0001:00016e78       ?SetUnwindTryBlock@__FrameHandler3@@SAXPEA_KPEAU_xDISPATCHER_CONTEXT@@PEBU_s_FuncInfo@@H@Z 0000000180017e78 f   libvcruntime:ehstate.obj
 0001:00016eb4       ?StateFromControlPc@__FrameHandler3@@SAHPEBU_s_FuncInfo@@PEAU_xDISPATCHER_CONTEXT@@@Z 0000000180017eb4 f   libvcruntime:ehstate.obj
 0001:00016ebc       ?StateFromIp@__FrameHandler3@@SAHPEBU_s_FuncInfo@@PEAU_xDISPATCHER_CONTEXT@@_K@Z 0000000180017ebc f   libvcruntime:ehstate.obj
 0001:00017948       ??$TypeMatchHelper@$$CBU_s_HandlerType@@@@YAHPEBU_s_HandlerType@@PEBU_s_CatchableType@@PEBU_s_ThrowInfo@@@Z 0000000180018948 f i libvcruntime:frame.obj
 0001:00017a8c       ??$__InternalCxxFrameHandler@V__FrameHandler3@@@@YA?AW4_EXCEPTION_DISPOSITION@@PEAUEHExceptionRecord@@PEA_KPEAU_CONTEXT@@PEAU_xDISPATCHER_CONTEXT@@PEBU_s_FuncInfo@@H1E@Z 0000000180018a8c f i libvcruntime:frame.obj
 0001:00017cd4       ??0bad_exception@std@@QEAA@AEBV01@@Z 0000000180018cd4 f i libvcruntime:frame.obj
 0001:00017d14       ??0bad_exception@std@@QEAA@XZ 0000000180018d14 f i libvcruntime:frame.obj
 0001:00017d34       ??0exception@std@@QEAA@AEBV01@@Z 0000000180018d34 f i libvcruntime:frame.obj
 0001:00017d6c       ??1bad_exception@std@@UEAA@XZ 0000000180018d6c f i libvcruntime:frame.obj
 0001:00017d80       ??_Eexception@std@@UEAAPEAXI@Z 0000000180018d80 f i libvcruntime:frame.obj
 0001:00017d80       ??_Gexception@std@@UEAAPEAXI@Z 0000000180018d80 f i libvcruntime:frame.obj
 0001:00017d80       ??_Ebad_exception@std@@UEAAPEAXI@Z 0000000180018d80 f i libvcruntime:frame.obj
 0001:00017d80       ??_Gbad_exception@std@@UEAAPEAXI@Z 0000000180018d80 f i libvcruntime:frame.obj
 0001:00017dc4       ?CxxCallCatchBlock@__FrameHandler3@@SAPEAXPEAU_EXCEPTION_RECORD@@@Z 0000000180018dc4 f   libvcruntime:frame.obj
 0001:00018038       ?FrameUnwindToState@__FrameHandler3@@SAXPEA_KPEAU_xDISPATCHER_CONTEXT@@PEBU_s_FuncInfo@@H@Z 0000000180019038 f   libvcruntime:frame.obj
 0001:000181cc       ?GetHandlerSearchState@__FrameHandler3@@SAHPEA_KPEAU_xDISPATCHER_CONTEXT@@PEBU_s_FuncInfo@@@Z 00000001800191cc f i libvcruntime:frame.obj
 0001:000183d0       ?_CallMemberFunction1@@YAXQEAX00@Z 00000001800193d0 f i libvcruntime:frame.obj
 0001:000183dc       ?_CallMemberFunction2@@YAXQEAX00H@Z 00000001800193dc f i libvcruntime:frame.obj
 0001:000183ec       ?what@exception@std@@UEBAPEBDXZ 00000001800193ec f i libvcruntime:frame.obj
 0001:00018410       _CallSettingFrame          0000000180019410 f   libvcruntime:handlers.obj
 0001:00018460       _CallSettingFrameEncoded   0000000180019460 f   libvcruntime:handlers.obj
 0001:000184a8       __std_exception_copy       00000001800194a8 f   libvcruntime:std_exception.obj
 0001:00018538       __std_exception_destroy    0000000180019538 f   libvcruntime:std_exception.obj
 0001:00018560       _CxxThrowException         0000000180019560 f   libvcruntime:throw.obj
 0001:000186d8       fopen                      00000001800196d8 f   libucrt:fopen.obj
 0001:000186e4       __acrt_initialize_stdio    00000001800196e4 f   libucrt:_file.obj
 0001:00018804       __acrt_iob_func            0000000180019804 f   libucrt:_file.obj
 0001:00018818       __acrt_uninitialize_stdio  0000000180019818 f   libucrt:_file.obj
 0001:00018874       _lock_file                 0000000180019874 f   libucrt:_file.obj
 0001:00018880       _unlock_file               0000000180019880 f   libucrt:_file.obj
 0001:0001888c       _fclose_nolock             000000018001988c f   libucrt:fclose.obj
 0001:00018910       fclose                     0000000180019910 f   libucrt:fclose.obj
 0001:00018a18       _fwrite_nolock             0000000180019a18 f   libucrt:fwrite.obj
 0001:00018bc0       fwrite                     0000000180019bc0 f   libucrt:fwrite.obj
 0001:00018c44       feof                       0000000180019c44 f   libucrt:feoferr.obj
 0001:00018c70       _fread_nolock_s            0000000180019c70 f   libucrt:fread.obj
 0001:00018f00       fread                      0000000180019f00 f   libucrt:fread.obj
 0001:00018f20       fread_s                    0000000180019f20 f   libucrt:fread.obj
 0001:00018fc8       ??0_LocaleUpdate@@QEAA@QEAU__crt_locale_pointers@@@Z 0000000180019fc8 f i libucrt:stricmp.obj
 0001:00019064       ??1_LocaleUpdate@@QEAA@XZ  000000018001a064 f i libucrt:stricmp.obj
 0001:00019078       __ascii_stricmp            000000018001a078 f   libucrt:stricmp.obj
 0001:000190b8       _stricmp                   000000018001a0b8 f   libucrt:stricmp.obj
 0001:00019100       _stricmp_l                 000000018001a100 f   libucrt:stricmp.obj
 0001:000191b4       calloc                     000000018001a1b4 f   libucrt:calloc.obj
 0001:000191bc       realloc                    000000018001a1bc f   libucrt:realloc.obj
 0001:00019204       ??$ensure_buffer_is_big_enough@D@formatting_buffer@__crt_stdio_output@@QEAA_N_K@Z 000000018001a204 f i libucrt:output.obj
 0001:000192ac       ??$type_case_integer_parse_into_buffer@I@?$output_processor@DV?$stream_output_adapter@D@__crt_stdio_output@@V?$standard_base@DV?$stream_output_adapter@D@__crt_stdio_output@@@2@@__crt_stdio_output@@AEAAXII_N@Z 000000018001a2ac f i libucrt:output.obj
 0001:0001933c       ??$type_case_integer_parse_into_buffer@_K@?$output_processor@DV?$stream_output_adapter@D@__crt_stdio_output@@V?$standard_base@DV?$stream_output_adapter@D@__crt_stdio_output@@@2@@__crt_stdio_output@@AEAAX_KI_N@Z 000000018001a33c f i libucrt:output.obj
 0001:000193d0       ??$write_multiple_characters@V?$stream_output_adapter@D@__crt_stdio_output@@D@__crt_stdio_output@@YAXAEBV?$stream_output_adapter@D@0@DHQEAH@Z 000000018001a3d0 f i libucrt:output.obj
 0001:0001958c       ?crop_zeroes@__crt_stdio_output@@YAXPEADQEAU__crt_locale_pointers@@@Z 000000018001a58c f i libucrt:output.obj
 0001:000195f8       ?force_decimal_point@__crt_stdio_output@@YAXPEADQEAU__crt_locale_pointers@@@Z 000000018001a5f8 f i libucrt:output.obj
 0001:00019668       ?parse_int_from_format_string@?$output_processor@DV?$stream_output_adapter@D@__crt_stdio_output@@V?$standard_base@DV?$stream_output_adapter@D@__crt_stdio_output@@@2@@__crt_stdio_output@@AEAA_NQEAH@Z 000000018001a668 f i libucrt:output.obj
 0001:0001970c       ?process@?$output_processor@DV?$stream_output_adapter@D@__crt_stdio_output@@V?$standard_base@DV?$stream_output_adapter@D@__crt_stdio_output@@@2@@__crt_stdio_output@@QEAAHXZ 000000018001a70c f i libucrt:output.obj
 0001:00019920       ?state_case_normal@?$output_processor@DV?$stream_output_adapter@D@__crt_stdio_output@@V?$standard_base@DV?$stream_output_adapter@D@__crt_stdio_output@@@2@@__crt_stdio_output@@AEAA_NXZ 000000018001a920 f i libucrt:output.obj
 0001:00019990       ?state_case_normal_tchar@?$output_processor@DV?$stream_output_adapter@D@__crt_stdio_output@@V?$standard_base@DV?$stream_output_adapter@D@__crt_stdio_output@@@2@@__crt_stdio_output@@AEAA_ND@Z 000000018001a990 f i libucrt:output.obj
 0001:00019a2c       ?state_case_size@?$output_processor@DV?$stream_output_adapter@D@__crt_stdio_output@@V?$standard_base@DV?$stream_output_adapter@D@__crt_stdio_output@@@2@@__crt_stdio_output@@AEAA_NXZ 000000018001aa2c f i libucrt:output.obj
 0001:00019ba0       ?state_case_type@?$output_processor@DV?$stream_output_adapter@D@__crt_stdio_output@@V?$standard_base@DV?$stream_output_adapter@D@__crt_stdio_output@@@2@@__crt_stdio_output@@AEAA_NXZ 000000018001aba0 f i libucrt:output.obj
 0001:00019e30       ?type_case_Z@?$output_processor@DV?$stream_output_adapter@D@__crt_stdio_output@@V?$standard_base@DV?$stream_output_adapter@D@__crt_stdio_output@@@2@@__crt_stdio_output@@AEAA_NXZ 000000018001ae30 f i libucrt:output.obj
 0001:00019ea8       ?type_case_a@?$output_processor@DV?$stream_output_adapter@D@__crt_stdio_output@@V?$standard_base@DV?$stream_output_adapter@D@__crt_stdio_output@@@2@@__crt_stdio_output@@AEAA_NXZ 000000018001aea8 f i libucrt:output.obj
 0001:0001a064       ?type_case_c_tchar@?$output_processor@DV?$stream_output_adapter@D@__crt_stdio_output@@V?$standard_base@DV?$stream_output_adapter@D@__crt_stdio_output@@@2@@__crt_stdio_output@@AEAA_ND@Z 000000018001b064 f i libucrt:output.obj
 0001:0001a128       ?type_case_integer@?$output_processor@DV?$stream_output_adapter@D@__crt_stdio_output@@V?$standard_base@DV?$stream_output_adapter@D@__crt_stdio_output@@@2@@__crt_stdio_output@@AEAA_NI_N@Z 000000018001b128 f i libucrt:output.obj
 0001:0001a2f0       ?type_case_n@?$output_processor@DV?$stream_output_adapter@D@__crt_stdio_output@@V?$standard_base@DV?$stream_output_adapter@D@__crt_stdio_output@@@2@@__crt_stdio_output@@AEAA_NXZ 000000018001b2f0 f i libucrt:output.obj
 0001:0001a3cc       ?type_case_s@?$output_processor@DV?$stream_output_adapter@D@__crt_stdio_output@@V?$standard_base@DV?$stream_output_adapter@D@__crt_stdio_output@@@2@@__crt_stdio_output@@AEAA_NXZ 000000018001b3cc f i libucrt:output.obj
 0001:0001a464       ?validate_stream_is_ansi_if_required@?$__acrt_stdio_char_traits@D@@SA_NQEAU_iobuf@@@Z 000000018001b464 f i libucrt:output.obj
 0001:0001a4f8       ?write_stored_string_tchar@?$output_processor@DV?$stream_output_adapter@D@__crt_stdio_output@@V?$standard_base@DV?$stream_output_adapter@D@__crt_stdio_output@@@2@@__crt_stdio_output@@AEAA_ND@Z 000000018001b4f8 f i libucrt:output.obj
 0001:0001a61c       ?write_string_impl@?$output_adapter_common@DV?$stream_output_adapter@D@__crt_stdio_output@@@__crt_stdio_output@@IEBAXQEBDHQEAHAEAV__crt_deferred_errno_cache@@@Z 000000018001b61c f i libucrt:output.obj
 0001:0001a714       __stdio_common_vfprintf    000000018001b714 f   libucrt:output.obj
 0001:0001a7a0       free                       000000018001b7a0 f   libucrt:free.obj
 0001:0001aa34       __acrt_initialize_thread_local_exit_callback 000000018001ba34 f   libucrt:exit.obj
 0001:0001aa3c       _cexit                     000000018001ba3c f   libucrt:exit.obj
 0001:0001aa4c       _exit                      000000018001ba4c f   libucrt:exit.obj
 0001:0001aa58       _is_c_termination_complete 000000018001ba58 f   libucrt:exit.obj
 0001:0001aa60       exit                       000000018001ba60 f   libucrt:exit.obj
 0001:0001aa6c       _initterm                  000000018001ba6c f   libucrt:initterm.obj
 0001:0001aad0       _initterm_e                000000018001bad0 f   libucrt:initterm.obj
 0001:0001ab10       _seh_filter_dll            000000018001bb10 f   libucrt:exception_filter.obj
 0001:0001ab24       _seh_filter_exe            000000018001bb24 f   libucrt:exception_filter.obj
 0001:0001ae60       __acrt_allocate_buffer_for_argv 000000018001be60 f   libucrt:argv_parsing.obj
 0001:0001aec0       _configure_narrow_argv     000000018001bec0 f   libucrt:argv_parsing.obj
 0001:0001b238       __dcrt_uninitialize_environments_nolock 000000018001c238 f   libucrt:environment_initialization.obj
 0001:0001b270       _initialize_narrow_environment 000000018001c270 f   libucrt:environment_initialization.obj
 0001:0001b400       _execute_onexit_table      000000018001c400 f   libucrt:onexit.obj
 0001:0001b43c       _initialize_onexit_table   000000018001c43c f   libucrt:onexit.obj
 0001:0001b4b4       __acrt_uninitialize_command_line 000000018001c4b4 f   libucrt:argv_data.obj
 0001:0001b5c0       __acrt_initialize          000000018001c5c0 f   libucrt:initialization.obj
 0001:0001b5d4       __acrt_thread_attach       000000018001c5d4 f   libucrt:initialization.obj
 0001:0001b5e8       __acrt_thread_detach       000000018001c5e8 f   libucrt:initialization.obj
 0001:0001b5f8       __acrt_uninitialize        000000018001c5f8 f   libucrt:initialization.obj
 0001:0001b630       __acrt_uninitialize_critical 000000018001c630 f   libucrt:initialization.obj
 0001:0001b640       terminate                  000000018001c640 f   libucrt:terminate.obj
 0001:0001b660       malloc                     000000018001c660 f   libucrt:malloc.obj
 0001:0001b668       strcpy_s                   000000018001c668 f   libucrt:strcpy_s.obj
 0001:0001b6d8       ??$parse_integer@KV?$c_string_character_source@D@__crt_strtox@@@__crt_strtox@@YAKQEAU__crt_locale_pointers@@V?$c_string_character_source@D@0@H_N@Z 000000018001c6d8 f i libucrt:atox.obj
 0001:0001ba30       strncmp                    000000018001ca30 f   libucrt:strncmp.obj
 0001:0001bab0       abort                      000000018001cab0 f   libucrt:abort.obj
 0001:0001bb08       wcsncmp                    000000018001cb08 f   libucrt:wcsncmp.obj
 0001:0001bb34       __acrt_call_reportfault    000000018001cb34 f   libucrt:invalid_parameter.obj
 0001:0001bc90       __acrt_initialize_invalid_parameter_handler 000000018001cc90 f   libucrt:invalid_parameter.obj
 0001:0001bc98       _invalid_parameter         000000018001cc98 f   libucrt:invalid_parameter.obj
 0001:0001bd48       _invalid_parameter_noinfo  000000018001cd48 f   libucrt:invalid_parameter.obj
 0001:0001bd68       _invoke_watson             000000018001cd68 f   libucrt:invalid_parameter.obj
 0001:0001bdb0       __acrt_errno_from_os_error 000000018001cdb0 f   libucrt:errno.obj
 0001:0001bdf8       __acrt_errno_map_os_error  000000018001cdf8 f   libucrt:errno.obj
 0001:0001be48       __doserrno                 000000018001ce48 f   libucrt:errno.obj
 0001:0001be68       _errno                     000000018001ce68 f   libucrt:errno.obj
 0001:0001be88       ?__acrt_stdio_allocate_stream@@YA?AV__crt_stdio_stream@@XZ 000000018001ce88 f   libucrt:stream.obj
 0001:0001bee0       ?__acrt_stdio_free_stream@@YAXV__crt_stdio_stream@@@Z 000000018001cee0 f   libucrt:stream.obj
 0001:0001bfe8       ??$__acrt_stdio_parse_mode@D@@YA?AU__acrt_stdio_stream_mode@@QEBD@Z 000000018001cfe8 f i libucrt:openfile.obj
 0001:0001c2ac       _openfile                  000000018001d2ac f   libucrt:openfile.obj
 0001:0001c348       _calloc_base               000000018001d348 f   libucrt:calloc_base.obj
 0001:0001c3c0       _free_base                 000000018001d3c0 f   libucrt:free_base.obj
 0001:0001c5d8       __acrt_AppPolicyGetProcessTerminationMethodInternal 000000018001d5d8 f   libucrt:winapi_thunks.obj
 0001:0001c628       __acrt_AreFileApisANSI     000000018001d628 f   libucrt:winapi_thunks.obj
 0001:0001c664       __acrt_FlsAlloc            000000018001d664 f   libucrt:winapi_thunks.obj
 0001:0001c6ac       __acrt_FlsFree             000000018001d6ac f   libucrt:winapi_thunks.obj
 0001:0001c6f4       __acrt_FlsGetValue         000000018001d6f4 f   libucrt:winapi_thunks.obj
 0001:0001c73c       __acrt_FlsSetValue         000000018001d73c f   libucrt:winapi_thunks.obj
 0001:0001c790       __acrt_InitializeCriticalSectionEx 000000018001d790 f   libucrt:winapi_thunks.obj
 0001:0001c7f4       __acrt_LCMapStringEx       000000018001d7f4 f   libucrt:winapi_thunks.obj
 0001:0001c8d0       __acrt_LocaleNameToLCID    000000018001d8d0 f   libucrt:winapi_thunks.obj
 0001:0001c920       __acrt_initialize_winapi_thunks 000000018001d920 f   libucrt:winapi_thunks.obj
 0001:0001c968       __acrt_uninitialize_winapi_thunks 000000018001d968 f   libucrt:winapi_thunks.obj
 0001:0001c9ac       _fcloseall                 000000018001d9ac f   libucrt:closeall.obj
 0001:0001cc3c       __acrt_stdio_flush_nolock  000000018001dc3c f   libucrt:fflush.obj
 0001:0001ccb8       _fflush_nolock             000000018001dcb8 f   libucrt:fflush.obj
 0001:0001cd04       _flushall                  000000018001dd04 f   libucrt:fflush.obj
 0001:0001cd0c       __acrt_stdio_free_buffer_nolock 000000018001dd0c f   libucrt:_freebuf.obj
 0001:0001cf34       __acrt_initialize_lowio    000000018001df34 f   libucrt:ioinit.obj
 0001:0001cf70       __acrt_uninitialize_lowio  000000018001df70 f   libucrt:ioinit.obj
 0001:0001d024       _close                     000000018001e024 f   libucrt:close.obj
 0001:0001d0c8       _close_nolock              000000018001e0c8 f   libucrt:close.obj
 0001:0001d184       _fileno                    000000018001e184 f   libucrt:fileno.obj
 0001:0001d754       _write                     000000018001e754 f   libucrt:write.obj
 0001:0001d840       _write_nolock              000000018001e840 f   libucrt:write.obj
 0001:0001dc00       __acrt_stdio_flush_and_write_narrow_nolock 000000018001ec00 f   libucrt:_flsbuf.obj
 0001:0001dce8       __acrt_stdio_begin_temporary_buffering_nolock 000000018001ece8 f   libucrt:_sftbuf.obj
 0001:0001ddb8       __acrt_stdio_end_temporary_buffering_nolock 000000018001edb8 f   libucrt:_sftbuf.obj
 0001:0001e3d4       _read                      000000018001f3d4 f   libucrt:read.obj
 0001:0001e4f0       _read_nolock               000000018001f4f0 f   libucrt:read.obj
 0001:0001e94c       __acrt_stdio_refill_and_read_narrow_nolock 000000018001f94c f   libucrt:_filbuf.obj
 0001:0001eb08       _tolower_l                 000000018001fb08 f   libucrt:tolower_toupper.obj
 0001:0001ec48       tolower                    000000018001fc48 f   libucrt:tolower_toupper.obj
 0001:0001efec       __acrt_freeptd             000000018001ffec f   libucrt:per_thread_data.obj
 0001:0001f030       __acrt_getptd              0000000180020030 f   libucrt:per_thread_data.obj
 0001:0001f0f4       __acrt_getptd_head         00000001800200f4 f   libucrt:per_thread_data.obj
 0001:0001f19c       __acrt_getptd_noexit       000000018002019c f   libucrt:per_thread_data.obj
 0001:0001f254       __acrt_initialize_ptd      0000000180020254 f   libucrt:per_thread_data.obj
 0001:0001f290       __acrt_uninitialize_ptd    0000000180020290 f   libucrt:per_thread_data.obj
 0001:0001f2b4       __acrt_update_locale_info  00000001800202b4 f   libucrt:locale_update.obj
 0001:0001f2e8       __acrt_update_multibyte_info 00000001800202e8 f   libucrt:locale_update.obj
 0001:0001f38c       __acrt_set_locale_changed  000000018002038c f   libucrt:wsetlocale.obj
 0001:0001f398       __acrt_uninitialize_locale 0000000180020398 f   libucrt:wsetlocale.obj
 0001:0001f3c8       _realloc_base              00000001800203c8 f   libucrt:realloc_base.obj
 0001:0001f444       isdigit                    0000000180020444 f i libucrt:_ctype.obj
 0001:0001f4bc       _malloc_base               00000001800204bc f   libucrt:malloc_base.obj
 0001:0001f51c       strtol                     000000018002051c f   libucrt:strtox.obj
 0001:0001f548       _mbtowc_l                  0000000180020548 f   libucrt:mbtowc.obj
 0001:0001f6c4       mbtowc                     00000001800206c4 f   libucrt:mbtowc.obj
 0001:0001f6cc       _wctomb_s_l                00000001800206cc f   libucrt:wctomb.obj
 0001:0001f850       wctomb_s                   0000000180020850 f   libucrt:wctomb.obj
 0001:0001f864       strnlen                    0000000180020864 f   libucrt:strnlen.obj
 0001:0001f9b4       wcsnlen                    00000001800209b4 f   libucrt:strnlen.obj
 0001:0002055c       __acrt_fp_format           000000018002155c f   libucrt:cvt.obj
 0001:000207e4       _fputc_nolock              00000001800217e4 f   libucrt:fputc.obj
 0001:000207fc       _get_printf_count_output   00000001800217fc f   libucrt:printf_count_output.obj
 0001:00020814       __acrt_initialize_locks    0000000180021814 f   libucrt:locks.obj
 0001:0002085c       __acrt_lock                000000018002185c f   libucrt:locks.obj
 0001:00020878       __acrt_uninitialize_locks  0000000180021878 f   libucrt:locks.obj
 0001:000208b0       __acrt_unlock              00000001800218b0 f   libucrt:locks.obj
 0001:000208cc       __acrt_get_process_end_policy 00000001800218cc f   libucrt:win_policies.obj
 0001:00020e70       __acrt_expand_narrow_argv_wildcards 0000000180021e70 f   libucrt:argv_wildcards.obj
 0001:00020e78       __acrt_GetModuleFileNameA  0000000180021e78 f   libucrt:getmodulefilenamea.obj
 0001:00021620       __acrt_initialize_multibyte 0000000180022620 f   libucrt:mbctype.obj
 0001:00021680       __acrt_update_thread_multibyte_data 0000000180022680 f   libucrt:mbctype.obj
 0001:0002169c       _setmbcp_nolock            000000018002269c f   libucrt:mbctype.obj
 0001:000219cc       _ismbblead                 00000001800229cc f   libucrt:ismbbyte.obj
 0001:000219e0       __acrt_initialize_command_line 00000001800229e0 f   libucrt:argv_data.obj
 0001:00021a08       __acrt_MultiByteToWideChar 0000000180022a08 f   libucrt:multibytetowidechar.obj
 0001:00021a64       __acrt_WideCharToMultiByte 0000000180022a64 f   libucrt:widechartomultibyte.obj
 0001:00021afc       __dcrt_get_narrow_environment_from_os 0000000180022afc f   libucrt:get_environment_from_os.obj
 0001:00021c00       _recalloc                  0000000180022c00 f   libucrt:recalloc.obj
 0001:00021c08       _recalloc_base             0000000180022c08 f   libucrt:recalloc.obj
 0001:00021ca0       __acrt_initialize_heap     0000000180022ca0 f   libucrt:heap_handle.obj
 0001:00021cbc       __acrt_uninitialize_heap   0000000180022cbc f   libucrt:heap_handle.obj
 0001:00021cc8       __acrt_execute_initializers 0000000180022cc8 f   libucrt:shared_initialization.obj
 0001:00021d48       __acrt_execute_uninitializers 0000000180022d48 f   libucrt:shared_initialization.obj
 0001:00021d84       __acrt_initialize_new_handler 0000000180022d84 f   libucrt:new_handler.obj
 0001:00021d8c       _callnewh                  0000000180022d8c f   libucrt:new_handler.obj
 0001:00021dbc       _query_new_handler         0000000180022dbc f   libucrt:new_handler.obj
 0001:00021e38       __acrt_get_sigabrt_handler 0000000180022e38 f   libucrt:signal.obj
 0001:00021e68       __acrt_initialize_signal_handlers 0000000180022e68 f   libucrt:signal.obj
 0001:00021e88       raise                      0000000180022e88 f   libucrt:signal.obj
 0001:00022108       __acrt_has_user_matherr    0000000180023108 f   libucrt:matherr.obj
 0001:00022128       __acrt_initialize_user_matherr 0000000180023128 f   libucrt:matherr.obj
 0001:00022130       __acrt_invoke_user_matherr 0000000180023130 f   libucrt:matherr.obj
 0001:00022160       __pctype_func              0000000180023160 f   libucrt:ctype.obj
 0001:00022190       _isctype_l                 0000000180023190 f   libucrt:isctype.obj
 0001:000222a4       __ascii_strnicmp           00000001800232a4 f   libucrt:strnicmp.obj
 0001:00022300       _strnicmp                  0000000180023300 f   libucrt:strnicmp.obj
 0001:00022350       _strnicmp_l                0000000180023350 f   libucrt:strnicmp.obj
 0001:0002242c       ??$__acrt_mbs_to_wcs_cp@U__crt_win32_buffer_internal_dynamic_resizing@@@@YAHQEBDAEAV?$__crt_win32_buffer@_WU__crt_win32_buffer_internal_dynamic_resizing@@@@I@Z 000000018002342c f i libucrt:open.obj
 0001:00022b3c       _sopen_nolock              0000000180023b3c f   libucrt:open.obj
 0001:00022c54       _sopen_s                   0000000180023c54 f   libucrt:open.obj
 0001:00022c88       _wsopen_nolock             0000000180023c88 f   libucrt:open.obj
 0001:00023070       _query_new_mode            0000000180024070 f   libucrt:new_mode.obj
 0001:00023160       __acrt_DownlevelLocaleNameToLCID 0000000180024160 f   libucrt:lcidtoname_downlevel.obj
 0001:00023220       _commit                    0000000180024220 f   libucrt:commit.obj
 0001:000232b4       __acrt_lowio_create_handle_array 00000001800242b4 f   libucrt:osfinfo.obj
 0001:0002334c       __acrt_lowio_destroy_handle_array 000000018002434c f   libucrt:osfinfo.obj
 0001:0002339c       __acrt_lowio_ensure_fh_exists 000000018002439c f   libucrt:osfinfo.obj
 0001:00023444       __acrt_lowio_lock_fh       0000000180024444 f   libucrt:osfinfo.obj
 0001:00023468       __acrt_lowio_set_os_handle 0000000180024468 f   libucrt:osfinfo.obj
 0001:00023528       __acrt_lowio_unlock_fh     0000000180024528 f   libucrt:osfinfo.obj
 0001:0002354c       _alloc_osfhnd              000000018002454c f   libucrt:osfinfo.obj
 0001:00023670       _free_osfhnd               0000000180024670 f   libucrt:osfinfo.obj
 0001:0002372c       _get_osfhandle             000000018002472c f   libucrt:osfinfo.obj
 0001:000237a4       _isatty                    00000001800247a4 f   libucrt:isatty.obj
 0001:00023990       _lseeki64                  0000000180024990 f   libucrt:lseek.obj
 0001:00023998       _lseeki64_nolock           0000000180024998 f   libucrt:lseek.obj
 0001:000239a0       _putwch_nolock             00000001800249a0 f   libucrt:putwch.obj
 0001:000239dc       __acrt_stdio_allocate_buffer_nolock 00000001800249dc f   libucrt:_getbuf.obj
 0001:00023a44       _isleadbyte_l              0000000180024a44 f i libucrt:_wctype.obj
 0001:00023d9c       __acrt_LCMapStringA        0000000180024d9c f   libucrt:lcmapstringa.obj
 0001:00023e34       __acrt_add_locale_ref      0000000180024e34 f   libucrt:locale_refcounting.obj
 0001:00023ec0       __acrt_free_locale         0000000180024ec0 f   libucrt:locale_refcounting.obj
 0001:00024038       __acrt_locale_add_lc_time_reference 0000000180025038 f   libucrt:locale_refcounting.obj
 0001:00024060       __acrt_locale_free_lc_time_if_unreferenced 0000000180025060 f   libucrt:locale_refcounting.obj
 0001:00024098       __acrt_locale_release_lc_time_reference 0000000180025098 f   libucrt:locale_refcounting.obj
 0001:000240c0       __acrt_release_locale_ref  00000001800250c0 f   libucrt:locale_refcounting.obj
 0001:00024168       __acrt_update_thread_locale_data 0000000180025168 f   libucrt:locale_refcounting.obj
 0001:000241d8       _updatetlocinfoEx_nolock   00000001800251d8 f   libucrt:locale_refcounting.obj
 0001:00024240       __acrt_locale_free_monetary 0000000180025240 f   libucrt:initmon.obj
 0001:0002434c       __acrt_locale_free_numeric 000000018002534c f   libucrt:initnum.obj
 0001:0002440c       __acrt_locale_free_time    000000018002540c f   libucrt:inittime.obj
 0001:00024514       __acrt_GetStringTypeA      0000000180025514 f   libucrt:getstringtypea.obj
 0001:000246a4       ?__mbrtowc_utf8@__crt_mbstring@@YA_KPEA_WPEBD_KPEAU_Mbstatet@@@Z 00000001800256a4 f   libucrt:mbrtowc.obj
 0001:000246e0       ?__mbsrtowcs_utf8@__crt_mbstring@@YA_KPEA_WPEAPEBD_KPEAU_Mbstatet@@@Z 00000001800256e0 f   libucrt:mbrtowc.obj
 0001:00024858       __acrt_fp_strflt_to_string 0000000180025858 f   libucrt:_fptostr.obj
 0001:00024940       ?divide@__crt_strtox@@YA_KAEAUbig_integer@1@AEBU21@@Z 0000000180025940 f i libucrt:cfout.obj
 0001:00024dd0       __acrt_fltout              0000000180025dd0 f   libucrt:cfout.obj
 0001:00026130       qsort                      0000000180027130 f   libucrt:qsort.obj
 0001:000264e0       strncpy_s                  00000001800274e0 f   libucrt:strncpy_s.obj
 0001:00026670       strpbrk                    0000000180027670 f   libucrt:strpbrk.obj
 0001:00026a50       ??$__acrt_convert_wcs_mbs@D_W$$A6A_KPEA_WPEBD_KPEAU__crt_locale_pointers@@@ZU__crt_win32_buffer_internal_dynamic_resizing@@@@YAHQEBDAEAV?$__crt_win32_buffer@_WU__crt_win32_buffer_internal_dynamic_resizing@@@@A6A_KPEA_WPEBD_KPEAU__crt_locale_pointers@@@Z5@Z 0000000180027a50 f i libucrt:findfirstfileexa.obj
 0001:00026b58       __acrt_FindFirstFileExA    0000000180027b58 f   libucrt:findfirstfileexa.obj
 0001:00026bfc       ??$__acrt_convert_wcs_mbs@_WD$$A6A_KPEADPEB_W_KPEAU__crt_locale_pointers@@@ZU__crt_win32_buffer_no_resizing@@@@YAHQEB_WAEAV?$__crt_win32_buffer@DU__crt_win32_buffer_no_resizing@@@@A6A_KPEADPEB_W_KPEAU__crt_locale_pointers@@@Z5@Z 0000000180027bfc f i libucrt:findnextfilea.obj
 0001:00026cc8       __acrt_FindNextFileA       0000000180027cc8 f   libucrt:findnextfilea.obj
 0001:00026dfc       _mbsdec                    0000000180027dfc f   libucrt:mbsdec.obj
 0001:00026e04       _mbsdec_l                  0000000180027e04 f   libucrt:mbsdec.obj
 0001:0002709c       _mbstowcs_l                000000018002809c f   libucrt:mbstowcs.obj
 0001:000270a4       mbstowcs                   00000001800280a4 f   libucrt:mbstowcs.obj
 0001:000270d8       _msize                     00000001800280d8 f   libucrt:msize.obj
 0001:000270e0       _msize_base                00000001800280e0 f   libucrt:msize.obj
 0001:0002711c       _get_fmode                 000000018002811c f   libucrt:setmode.obj
 0001:0002714c       _setmode_nolock            000000018002814c f   libucrt:setmode.obj
 0001:0002722c       _chsize_nolock             000000018002822c f   libucrt:chsize.obj
 0001:000273a8       _query_app_type            00000001800283a8 f   libucrt:report_runtime_error.obj
 0001:000273b0       __dcrt_lowio_ensure_console_output_initialized 00000001800283b0 f   libucrt:initcon.obj
 0001:00027404       __dcrt_terminate_console_output 0000000180028404 f   libucrt:initcon.obj
 0001:00027420       __dcrt_write_console       0000000180028420 f   libucrt:initcon.obj
 0001:000274e0       __strncnt                  00000001800284e0 f   libucrt:strncnt.obj
 0001:000274f8       ?__mbrtoc32_utf8@__crt_mbstring@@YA_KPEA_UPEBD_KPEAU_Mbstatet@@@Z 00000001800284f8 f   libucrt:mbrtoc32.obj
 0001:000276d4       fegetenv                   00000001800286d4 f   libucrt:fegetenv.obj
 0001:000276f4       fesetenv                   00000001800286f4 f   libucrt:fesetenv.obj
 0001:00027744       feholdexcept               0000000180028744 f   libucrt:feholdexcept.obj
 0001:00027794       ceil                       0000000180028794 f   libucrt:ceil.obj
 0001:00027860       log10                      0000000180028860 f   libucrt:log10.obj
 0001:00028174       _wcstombs_l                0000000180029174 f   libucrt:wcstombs.obj
 0001:0002817c       __acrt_fenv_get_control    000000018002917c f   libucrt:_fenvutils.obj
 0001:0002827c       __acrt_fenv_get_status     000000018002927c f   libucrt:_fenvutils.obj
 0001:000282d4       __acrt_fenv_set_control    00000001800292d4 f   libucrt:_fenvutils.obj
 0001:0002841c       __acrt_fenv_set_status     000000018002941c f   libucrt:_fenvutils.obj
 0001:000284a0       _clearfp                   00000001800294a0 f   libucrt:ieee.obj
 0001:00028634       _handle_error              0000000180029634 f   libucrt:libm_error.obj
 0001:0002875c       _handle_nan                000000018002975c f   libucrt:libm_error.obj
 0001:00028780       __acrt_initialize_fma3     0000000180029780 f   libucrt:fma3_available.obj
 0001:000287f0       _log10_special             00000001800297f0 f   libucrt:log_special.obj
 0001:00028810       _log_special               0000000180029810 f   libucrt:log_special.obj
 0001:000288c8       ?__wcsrtombs_utf8@__crt_mbstring@@YA_KPEADPEAPEB_W_KPEAU_Mbstatet@@@Z 00000001800298c8 f   libucrt:wcrtomb.obj
 0001:00028a00       _get_fpsr                  0000000180029a00 f   libucrt:fpsr.obj
 0001:00028a10       _set_fpsr                  0000000180029a10 f   libucrt:fpsr.obj
 0001:00028a1a       _fclrf                     0000000180029a1a f   libucrt:fpsr.obj
 0001:00028a2e       _frnd                      0000000180029a2e f   libucrt:fpsr.obj
 0001:00028a50       _raise_exc                 0000000180029a50 f   libucrt:fpexcept.obj
 0001:00028a78       _raise_exc_ex              0000000180029a78 f   libucrt:fpexcept.obj
 0001:00028d88       _set_errno_from_matherr    0000000180029d88 f   libucrt:fpexcept.obj
 0001:00028db8       _clrfp                     0000000180029db8 f   libucrt:fpctrl.obj
 0001:00028dd8       _ctrlfp                    0000000180029dd8 f   libucrt:fpctrl.obj
 0001:00028e54       _set_statfp                0000000180029e54 f   libucrt:fpctrl.obj
 0001:00028e74       _statfp                    0000000180029e74 f   libucrt:fpctrl.obj
 0001:00028e88       ?__c16rtomb_utf8@__crt_mbstring@@YA_KPEAD_SPEAU_Mbstatet@@@Z 0000000180029e88 f   libucrt:c16rtomb.obj
 0001:00028f30       ?__c32rtomb_utf8@__crt_mbstring@@YA_KPEAD_UPEAU_Mbstatet@@@Z 0000000180029f30 f   libucrt:c32rtomb.obj
 0001:00028fe8       c32rtomb                   0000000180029fe8 f   libucrt:c32rtomb.obj
 0001:00028fed       IsProcessorFeaturePresent  0000000180029fed f   kernel32:KERNEL32.dll
 0001:00028ff4       ?DloadAcquireSectionWriteAccess@@YAXXZ 0000000180029ff4 f i DelayImp:delayhlp.obj
 0001:000290a0       ?DloadGetSRWLockFunctionPointers@@YAEXZ 000000018002a0a0 f i DelayImp:delayhlp.obj
 0001:0002913c       ?DloadMakePermanentImageCommit@@YAXPEAX_K@Z 000000018002a13c f i DelayImp:delayhlp.obj
 0001:000291d4       ?DloadObtainSection@@YAPEAXPEAK0@Z 000000018002a1d4 f i DelayImp:delayhlp.obj
 0001:00029270       ?DloadProtectSection@@YAXKPEAK@Z 000000018002a270 f i DelayImp:delayhlp.obj
 0001:00029300       ?DloadReleaseSectionWriteAccess@@YAXXZ 000000018002a300 f i DelayImp:delayhlp.obj
 0001:00029394       __delayLoadHelper2         000000018002a394 f   DelayImp:delayhlp.obj
 0001:00029660       _FindPESection             000000018002a660 f   LIBCMT:pesect.obj
 0001:000296b0       _IsNonwritableInCurrentImage 000000018002a6b0 f   LIBCMT:pesect.obj
 0001:00029700       _ValidateImageBase         000000018002a700 f   LIBCMT:pesect.obj
 0001:00029730       ??_Etype_info@@UEAAPEAXI@Z 000000018002a730 f i LIBCMT:std_type_info_static.obj
 0001:00029730       ??_Gtype_info@@UEAAPEAXI@Z 000000018002a730 f i LIBCMT:std_type_info_static.obj
 0001:0002975c       __GSHandlerCheck           000000018002a75c f   LIBCMT:_gshandler_.obj
 0001:0002977c       __GSHandlerCheckCommon     000000018002a77c f   LIBCMT:_gshandler_.obj
 0001:000297d8       ??3@YAXPEAX_K@Z            000000018002a7d8 f   LIBCMT:delete_scalar_size.obj
 0001:000297f0       __chkstk                   000000018002a7f0 f   LIBCMT:_chkstk_.obj
 0001:000297f0       _alloca_probe              000000018002a7f0 f   LIBCMT:_chkstk_.obj
 0001:00029844       __GSHandlerCheck_EH        000000018002a844 f   LIBCMT:gshandlereh.obj
 0001:000298e0       memcmp                     000000018002a8e0 f   libvcruntime:memcmp.obj
 0001:000299a8       strrchr                    000000018002a9a8 f   libvcruntime:strrchr.obj
 0001:00029af4       acos                       000000018002aaf4 f   libucrt:acos.obj
 0001:00029db0       exp                        000000018002adb0 f   libucrt:exp.obj
 0001:0002a1a8       floor                      000000018002b1a8 f   libucrt:floor.obj
 0001:0002a260       log                        000000018002b260 f   libucrt:log.obj
 0001:0002a790       pow                        000000018002b790 f   libucrt:pow.obj
 0001:0002be24       sqrt                       000000018002ce24 f   libucrt:sqrt.obj
 0001:0002bef0       _exp_special               000000018002cef0 f   libucrt:exp_special.obj
 0001:0002bf90       _pow_special               000000018002cf90 f   libucrt:pow_special.obj
 0001:0002c0d0       _guard_dispatch_icall_nop  000000018002d0d0 f   LIBCMT:_guard_dispatch_.obj
 0002:00000000       __imp_GetModuleHandleA     000000018002e000     kernel32:KERNEL32.dll
 0002:00000008       __imp_LoadLibraryExA       000000018002e008     kernel32:KERNEL32.dll
 0002:00000010       __imp_RtlCaptureContext    000000018002e010     kernel32:KERNEL32.dll
 0002:00000018       __imp_RtlLookupFunctionEntry 000000018002e018     kernel32:KERNEL32.dll
 0002:00000020       __imp_RtlVirtualUnwind     000000018002e020     kernel32:KERNEL32.dll
 0002:00000028       __imp_UnhandledExceptionFilter 000000018002e028     kernel32:KERNEL32.dll
 0002:00000030       __imp_SetUnhandledExceptionFilter 000000018002e030     kernel32:KERNEL32.dll
 0002:00000038       __imp_GetCurrentProcess    000000018002e038     kernel32:KERNEL32.dll
 0002:00000040       __imp_TerminateProcess     000000018002e040     kernel32:KERNEL32.dll
 0002:00000048       __imp_IsProcessorFeaturePresent 000000018002e048     kernel32:KERNEL32.dll
 0002:00000050       __imp_QueryPerformanceCounter 000000018002e050     kernel32:KERNEL32.dll
 0002:00000058       __imp_GetCurrentProcessId  000000018002e058     kernel32:KERNEL32.dll
 0002:00000060       __imp_GetCurrentThreadId   000000018002e060     kernel32:KERNEL32.dll
 0002:00000068       __imp_GetSystemTimeAsFileTime 000000018002e068     kernel32:KERNEL32.dll
 0002:00000070       __imp_InitializeSListHead  000000018002e070     kernel32:KERNEL32.dll
 0002:00000078       __imp_IsDebuggerPresent    000000018002e078     kernel32:KERNEL32.dll
 0002:00000080       __imp_GetStartupInfoW      000000018002e080     kernel32:KERNEL32.dll
 0002:00000088       __imp_GetModuleHandleW     000000018002e088     kernel32:KERNEL32.dll
 0002:00000090       __imp_RtlUnwindEx          000000018002e090     kernel32:KERNEL32.dll
 0002:00000098       __imp_InterlockedFlushSList 000000018002e098     kernel32:KERNEL32.dll
 0002:000000a0       __imp_GetLastError         000000018002e0a0     kernel32:KERNEL32.dll
 0002:000000a8       __imp_SetLastError         000000018002e0a8     kernel32:KERNEL32.dll
 0002:000000b0       __imp_EnterCriticalSection 000000018002e0b0     kernel32:KERNEL32.dll
 0002:000000b8       __imp_LeaveCriticalSection 000000018002e0b8     kernel32:KERNEL32.dll
 0002:000000c0       __imp_DeleteCriticalSection 000000018002e0c0     kernel32:KERNEL32.dll
 0002:000000c8       __imp_InitializeCriticalSectionAndSpinCount 000000018002e0c8     kernel32:KERNEL32.dll
 0002:000000d0       __imp_TlsAlloc             000000018002e0d0     kernel32:KERNEL32.dll
 0002:000000d8       __imp_TlsGetValue          000000018002e0d8     kernel32:KERNEL32.dll
 0002:000000e0       __imp_TlsSetValue          000000018002e0e0     kernel32:KERNEL32.dll
 0002:000000e8       __imp_TlsFree              000000018002e0e8     kernel32:KERNEL32.dll
 0002:000000f0       __imp_FreeLibrary          000000018002e0f0     kernel32:KERNEL32.dll
 0002:000000f8       __imp_GetProcAddress       000000018002e0f8     kernel32:KERNEL32.dll
 0002:00000100       __imp_LoadLibraryExW       000000018002e100     kernel32:KERNEL32.dll
 0002:00000108       __imp_EncodePointer        000000018002e108     kernel32:KERNEL32.dll
 0002:00000110       __imp_RaiseException       000000018002e110     kernel32:KERNEL32.dll
 0002:00000118       __imp_RtlPcToFileHeader    000000018002e118     kernel32:KERNEL32.dll
 0002:00000120       __imp_ExitProcess          000000018002e120     kernel32:KERNEL32.dll
 0002:00000128       __imp_GetModuleHandleExW   000000018002e128     kernel32:KERNEL32.dll
 0002:00000130       __imp_GetModuleFileNameW   000000018002e130     kernel32:KERNEL32.dll
 0002:00000138       __imp_HeapAlloc            000000018002e138     kernel32:KERNEL32.dll
 0002:00000140       __imp_HeapFree             000000018002e140     kernel32:KERNEL32.dll
 0002:00000148       __imp_LCMapStringW         000000018002e148     kernel32:KERNEL32.dll
 0002:00000150       __imp_GetStdHandle         000000018002e150     kernel32:KERNEL32.dll
 0002:00000158       __imp_GetFileType          000000018002e158     kernel32:KERNEL32.dll
 0002:00000160       __imp_CloseHandle          000000018002e160     kernel32:KERNEL32.dll
 0002:00000168       __imp_WriteFile            000000018002e168     kernel32:KERNEL32.dll
 0002:00000170       __imp_GetConsoleCP         000000018002e170     kernel32:KERNEL32.dll
 0002:00000178       __imp_GetConsoleMode       000000018002e178     kernel32:KERNEL32.dll
 0002:00000180       __imp_ReadFile             000000018002e180     kernel32:KERNEL32.dll
 0002:00000188       __imp_ReadConsoleW         000000018002e188     kernel32:KERNEL32.dll
 0002:00000190       __imp_HeapReAlloc          000000018002e190     kernel32:KERNEL32.dll
 0002:00000198       __imp_FindClose            000000018002e198     kernel32:KERNEL32.dll
 0002:000001a0       __imp_FindFirstFileExW     000000018002e1a0     kernel32:KERNEL32.dll
 0002:000001a8       __imp_FindNextFileW        000000018002e1a8     kernel32:KERNEL32.dll
 0002:000001b0       __imp_IsValidCodePage      000000018002e1b0     kernel32:KERNEL32.dll
 0002:000001b8       __imp_GetACP               000000018002e1b8     kernel32:KERNEL32.dll
 0002:000001c0       __imp_GetOEMCP             000000018002e1c0     kernel32:KERNEL32.dll
 0002:000001c8       __imp_GetCPInfo            000000018002e1c8     kernel32:KERNEL32.dll
 0002:000001d0       __imp_GetCommandLineA      000000018002e1d0     kernel32:KERNEL32.dll
 0002:000001d8       __imp_GetCommandLineW      000000018002e1d8     kernel32:KERNEL32.dll
 0002:000001e0       __imp_MultiByteToWideChar  000000018002e1e0     kernel32:KERNEL32.dll
 0002:000001e8       __imp_WideCharToMultiByte  000000018002e1e8     kernel32:KERNEL32.dll
 0002:000001f0       __imp_GetEnvironmentStringsW 000000018002e1f0     kernel32:KERNEL32.dll
 0002:000001f8       __imp_FreeEnvironmentStringsW 000000018002e1f8     kernel32:KERNEL32.dll
 0002:00000200       __imp_GetProcessHeap       000000018002e200     kernel32:KERNEL32.dll
 0002:00000208       __imp_CreateFileW          000000018002e208     kernel32:KERNEL32.dll
 0002:00000210       __imp_FlushFileBuffers     000000018002e210     kernel32:KERNEL32.dll
 0002:00000218       __imp_SetStdHandle         000000018002e218     kernel32:KERNEL32.dll
 0002:00000220       __imp_SetFilePointerEx     000000018002e220     kernel32:KERNEL32.dll
 0002:00000228       __imp_GetStringTypeW       000000018002e228     kernel32:KERNEL32.dll
 0002:00000230       __imp_HeapSize             000000018002e230     kernel32:KERNEL32.dll
 0002:00000238       __imp_SetEndOfFile         000000018002e238     kernel32:KERNEL32.dll
 0002:00000240       __imp_WriteConsoleW        000000018002e240     kernel32:KERNEL32.dll
 0002:00000248       __imp_GetSystemInfo        000000018002e248     kernel32:KERNEL32.dll
 0002:00000250       __imp_VirtualProtect       000000018002e250     kernel32:KERNEL32.dll
 0002:00000258       __imp_VirtualQuery         000000018002e258     kernel32:KERNEL32.dll
 0002:00000260       \177KERNEL32_NULL_THUNK_DATA 000000018002e260     kernel32:KERNEL32.dll
 0002:00000268       __guard_check_icall_fptr   000000018002e268     LIBCMT:guard_support.obj
 0002:00000270       __guard_dispatch_icall_fptr 000000018002e270     LIBCMT:guard_support.obj
 0002:00000278       __xc_a                     000000018002e278     LIBCMT:initializers.obj
 0002:00000280       _register_hello_           000000018002e280     hello.obj
 0002:00000288       __xc_z                     000000018002e288     LIBCMT:initializers.obj
 0002:00000290       __xi_a                     000000018002e290     LIBCMT:initializers.obj
 0002:00000298       __acrt_stdio_initializer   000000018002e298     libucrt:stdio_initializer.obj
 0002:000002a0       __acrt_multibyte_initializer 000000018002e2a0     libucrt:multibyte_initializer.obj
 0002:000002a8       __acrt_tran_fma3_initializer 000000018002e2a8     libucrt:fma3_initializer.obj
 0002:000002b0       __xi_z                     000000018002e2b0     LIBCMT:initializers.obj
 0002:000002b8       __xp_a                     000000018002e2b8     LIBCMT:initializers.obj
 0002:000002c0       __acrt_locale_terminator   000000018002e2c0     libucrt:locale_initializer.obj
 0002:000002c8       __dcrt_console_output_terminator 000000018002e2c8     libucrt:console_output_initializer.obj
 0002:000002d0       __acrt_stdio_terminator    000000018002e2d0     libucrt:stdio_initializer.obj
 0002:000002d8       __xp_z                     000000018002e2d8     LIBCMT:initializers.obj
 0002:000002e0       __xt_a                     000000018002e2e0     LIBCMT:initializers.obj
 0002:000002e8       __xt_z                     000000018002e2e8     LIBCMT:initializers.obj
 0002:000002f0       __sz_node_exe              000000018002e2f0     node:node.exe
 0002:00000300       _pRawDllMain               000000018002e300     LIBCMT:dll_dllmain.obj
 0002:00000300       _pDefaultRawDllMain        000000018002e300     LIBCMT:dll_dllmain.obj
 0002:00000318       _pDestructExceptionObject  000000018002e318     libvcruntime:ehhelpers.obj
 0002:00000658       ??_C@_08EHJDFFNH@__based?$CI@ 000000018002e658     libvcruntime:undname.obj
 0002:00000668       ??_C@_07KOLFKCDI@__cdecl@  000000018002e668     libvcruntime:undname.obj
 0002:00000670       ??_C@_08GHMPAG@__pascal@   000000018002e670     libvcruntime:undname.obj
 0002:00000680       ??_C@_09IFJBGAPI@__stdcall@ 000000018002e680     libvcruntime:undname.obj
 0002:00000690       ??_C@_0L@NPHFGOKO@__thiscall@ 000000018002e690     libvcruntime:undname.obj
 0002:000006a0       ??_C@_0L@JMKHOMEK@__fastcall@ 000000018002e6a0     libvcruntime:undname.obj
 0002:000006b0       ??_C@_0N@BCKKPABJ@__vectorcall@ 000000018002e6b0     libvcruntime:undname.obj
 0002:000006c0       ??_C@_09HIJEGCPM@__clrcall@ 000000018002e6c0     libvcruntime:undname.obj
 0002:000006cc       ??_C@_06GHPCKEAG@__eabi@   000000018002e6cc     libvcruntime:undname.obj
 0002:000006d8       ??_C@_09IOPIDJLG@__swift_1@ 000000018002e6d8     libvcruntime:undname.obj
 0002:000006e8       ??_C@_09KFNFGKHF@__swift_2@ 000000018002e6e8     libvcruntime:undname.obj
 0002:000006f8       ??_C@_07JOMMBBKO@__ptr64@  000000018002e6f8     libvcruntime:undname.obj
 0002:00000700       ??_C@_0L@PILCLIHE@__restrict@ 000000018002e700     libvcruntime:undname.obj
 0002:00000710       ??_C@_0M@GFIIJFMG@__unaligned@ 000000018002e710     libvcruntime:undname.obj
 0002:00000720       ??_C@_09DHDLOLLB@restrict?$CI@ 000000018002e720     libvcruntime:undname.obj
 0002:0000072c       ??_C@_04NIHEBCM@?5new@     000000018002e72c     libvcruntime:undname.obj
 0002:00000738       ??_C@_07FPCDHGMM@?5delete@ 000000018002e738     libvcruntime:undname.obj
 0002:00000740       ??_C@_01NEMOKFLO@?$DN@     000000018002e740     libvcruntime:undname.obj
 0002:00000744       ??_C@_02GPIOPFAK@?$DO?$DO@ 000000018002e744     libvcruntime:undname.obj
 0002:00000748       ??_C@_02FODMEDOG@?$DM?$DM@ 000000018002e748     libvcruntime:undname.obj
 0002:0000074c       ??_C@_01DCLJPIOD@?$CB@     000000018002e74c     libvcruntime:undname.obj
 0002:00000750       ??_C@_02EGOFBIJA@?$DN?$DN@ 000000018002e750     libvcruntime:undname.obj
 0002:00000754       ??_C@_02FDNJECIE@?$CB?$DN@ 000000018002e754     libvcruntime:undname.obj
 0002:00000758       ??_C@_02GPECMEKF@?$FL?$FN@ 000000018002e758     libvcruntime:undname.obj
 0002:00000760       ??_C@_08LHJFAFGD@operator@ 000000018002e760     libvcruntime:undname.obj
 0002:0000076c       ??_C@_02HBOOOICD@?9?$DO@   000000018002e76c     libvcruntime:undname.obj
 0002:00000770       ??_C@_01NBENCBCI@?$CK@     000000018002e770     libvcruntime:undname.obj
 0002:00000774       ??_C@_02ECNGHCIF@?$CL?$CL@ 000000018002e774     libvcruntime:undname.obj
 0002:00000778       ??_C@_02BAABKJLB@?9?9@     000000018002e778     libvcruntime:undname.obj
 0002:0000077c       ??_C@_01JOAMLHOP@?9@       000000018002e77c     libvcruntime:undname.obj
 0002:00000780       ??_C@_01MIFGBAGJ@?$CL@     000000018002e780     libvcruntime:undname.obj
 0002:00000784       ??_C@_01HNPIGOCE@?$CG@     000000018002e784     libvcruntime:undname.obj
 0002:00000788       ??_C@_03MNHNFDLC@?9?$DO?$CK@ 000000018002e788     libvcruntime:undname.obj
 0002:0000078c       ??_C@_01KMDKNFGN@?1@       000000018002e78c     libvcruntime:undname.obj
 0002:00000790       ??_C@_01FGNFDNOH@?$CF@     000000018002e790     libvcruntime:undname.obj
 0002:00000794       ??_C@_01MNNFJEPP@?$DM@     000000018002e794     libvcruntime:undname.obj
 0002:00000798       ??_C@_02EHCHHCKH@?$DM?$DN@ 000000018002e798     libvcruntime:undname.obj
 0002:0000079c       ??_C@_01PPODPGHN@?$DO@     000000018002e79c     libvcruntime:undname.obj
 0002:000007a0       ??_C@_02EEKDKGMJ@?$DO?$DN@ 000000018002e7a0     libvcruntime:undname.obj
 0002:000007a4       ??_C@_01IHBHIGKO@?0@       000000018002e7a4     libvcruntime:undname.obj
 0002:000007a8       ??_C@_02HCKGKOFO@?$CI?$CJ@ 000000018002e7a8     libvcruntime:undname.obj
 0002:000007ac       ??_C@_01PJKLJHI@?$HO@      000000018002e7ac     libvcruntime:undname.obj
 0002:000007b0       ??_C@_01JKBOJNNK@?$FO@     000000018002e7b0     libvcruntime:undname.obj
 0002:000007b4       ??_C@_01DNKMNLPK@?$HM@     000000018002e7b4     libvcruntime:undname.obj
 0002:000007b8       ??_C@_02PPKAJPJL@?$CG?$CG@ 000000018002e7b8     libvcruntime:undname.obj
 0002:000007bc       ??_C@_02NONPIBCD@?$HM?$HM@ 000000018002e7bc     libvcruntime:undname.obj
 0002:000007c0       ??_C@_02FPIMKNGF@?$CK?$DN@ 000000018002e7c0     libvcruntime:undname.obj
 0002:000007c4       ??_C@_02FOEOMHFC@?$CL?$DN@ 000000018002e7c4     libvcruntime:undname.obj
 0002:000007c8       ??_C@_02FKMDLLOA@?9?$DN@   000000018002e7c8     libvcruntime:undname.obj
 0002:000007cc       ??_C@_02FJEHGPIO@?1?$DN@   000000018002e7cc     libvcruntime:undname.obj
 0002:000007d0       ??_C@_02FENAOKFI@?$CF?$DN@ 000000018002e7d0     libvcruntime:undname.obj
 0002:000007d4       ??_C@_03IKFCCPFF@?$DO?$DO?$DN@ 000000018002e7d4     libvcruntime:undname.obj
 0002:000007d8       ??_C@_03CDNPDDLA@?$DM?$DM?$DN@ 000000018002e7d8     libvcruntime:undname.obj
 0002:000007dc       ??_C@_02FGJGFEAB@?$CG?$DN@ 000000018002e7dc     libvcruntime:undname.obj
 0002:000007e0       ??_C@_02DHLNPPGH@?$HM?$DN@ 000000018002e7e0     libvcruntime:undname.obj
 0002:000007e4       ??_C@_02MHEGNOJ@?$FO?$DN@  000000018002e7e4     libvcruntime:undname.obj
 0002:000007e8       ??_C@_09IFPLHPGF@?$GAvftable?8@ 000000018002e7e8     libvcruntime:undname.obj
 0002:000007f8       ??_C@_09BLBHBJP@?$GAvbtable?8@ 000000018002e7f8     libvcruntime:undname.obj
 0002:00000808       ??_C@_07FEEIOKP@?$GAvcall?8@ 000000018002e808     libvcruntime:undname.obj
 0002:00000810       ??_C@_08LLFFHHDJ@?$GAtypeof?8@ 000000018002e810     libvcruntime:undname.obj
 0002:00000820       ??_C@_0BF@KDPPACIK@?$GAlocal?5static?5guard?8@ 000000018002e820     libvcruntime:undname.obj
 0002:00000838       ??_C@_08OBABFOLI@?$GAstring?8@ 000000018002e838     libvcruntime:undname.obj
 0002:00000848       ??_C@_0BD@JDLKDPAB@?$GAvbase?5destructor?8@ 000000018002e848     libvcruntime:undname.obj
 0002:00000860       ??_C@_0BN@DEGPLNFK@?$GAvector?5deleting?5destructor?8@ 000000018002e860     libvcruntime:undname.obj
 0002:00000880       ??_C@_0BO@OBMKPJIG@?$GAdefault?5constructor?5closure?8@ 000000018002e880     libvcruntime:undname.obj
 0002:000008a0       ??_C@_0BN@IMDCHIKM@?$GAscalar?5deleting?5destructor?8@ 000000018002e8a0     libvcruntime:undname.obj
 0002:000008c0       ??_C@_0BO@PFGOCPJJ@?$GAvector?5constructor?5iterator?8@ 000000018002e8c0     libvcruntime:undname.obj
 0002:000008e0       ??_C@_0BN@LFPFMEDL@?$GAvector?5destructor?5iterator?8@ 000000018002e8e0     libvcruntime:undname.obj
 0002:00000900       ??_C@_0CE@IKBNEHA@?$GAvector?5vbase?5constructor?5itera@ 000000018002e900     libvcruntime:undname.obj
 0002:00000928       ??_C@_0BL@NILFHHPC@?$GAvirtual?5displacement?5map?8@ 000000018002e928     libvcruntime:undname.obj
 0002:00000948       ??_C@_0CB@JONCMFFK@?$GAeh?5vector?5constructor?5iterator@ 000000018002e948     libvcruntime:undname.obj
 0002:00000970       ??_C@_0CA@GCEOPDGL@?$GAeh?5vector?5destructor?5iterator?8@ 000000018002e970     libvcruntime:undname.obj
 0002:00000990       ??_C@_0CH@OOJPLCPH@?$GAeh?5vector?5vbase?5constructor?5it@ 000000018002e990     libvcruntime:undname.obj
 0002:000009b8       ??_C@_0BL@LLKPOHJI@?$GAcopy?5constructor?5closure?8@ 000000018002e9b8     libvcruntime:undname.obj
 0002:000009d8       ??_C@_0BA@KBCDOMBN@?$GAudt?5returning?8@ 000000018002e9d8     libvcruntime:undname.obj
 0002:000009e8       ??_C@_03KLGMFNMG@?$GAEH@   000000018002e9e8     libvcruntime:undname.obj
 0002:000009ec       ??_C@_05KHLCHHI@?$GARTTI@  000000018002e9ec     libvcruntime:undname.obj
 0002:000009f8       ??_C@_0BA@KKLDJDLB@?$GAlocal?5vftable?8@ 000000018002e9f8     libvcruntime:undname.obj
 0002:00000a08       ??_C@_0CE@IIHCMGGL@?$GAlocal?5vftable?5constructor?5clos@ 000000018002ea08     libvcruntime:undname.obj
 0002:00000a2c       ??_C@_06FHBGPFGH@?5new?$FL?$FN@ 000000018002ea2c     libvcruntime:undname.obj
 0002:00000a38       ??_C@_09LBNFPBCA@?5delete?$FL?$FN@ 000000018002ea38     libvcruntime:undname.obj
 0002:00000a48       ??_C@_0P@HJKNJFNN@?$GAomni?5callsig?8@ 000000018002ea48     libvcruntime:undname.obj
 0002:00000a58       ??_C@_0BL@CNOONJFP@?$GAplacement?5delete?5closure?8@ 000000018002ea58     libvcruntime:undname.obj
 0002:00000a78       ??_C@_0BN@CKNJLHMB@?$GAplacement?5delete?$FL?$FN?5closure?8@ 000000018002ea78     libvcruntime:undname.obj
 0002:00000a98       ??_C@_0CG@CFDHKGGD@?$GAmanaged?5vector?5constructor?5ite@ 000000018002ea98     libvcruntime:undname.obj
 0002:00000ac0       ??_C@_0CF@IMGKMJNO@?$GAmanaged?5vector?5destructor?5iter@ 000000018002eac0     libvcruntime:undname.obj
 0002:00000ae8       ??_C@_0CG@HLDDJMAG@?$GAeh?5vector?5copy?5constructor?5ite@ 000000018002eae8     libvcruntime:undname.obj
 0002:00000b10       ??_C@_0CM@FCBBDIGB@?$GAeh?5vector?5vbase?5copy?5construct@ 000000018002eb10     libvcruntime:undname.obj
 0002:00000b40       ??_C@_0BL@CLIPGLGB@?$GAdynamic?5initializer?5for?5?8@ 000000018002eb40     libvcruntime:undname.obj
 0002:00000b60       ??_C@_0CB@PDBIFEP@?$GAdynamic?5atexit?5destructor?5for?5@ 000000018002eb60     libvcruntime:undname.obj
 0002:00000b88       ??_C@_0CD@CGAJBKEJ@?$GAvector?5copy?5constructor?5iterat@ 000000018002eb88     libvcruntime:undname.obj
 0002:00000bb0       ??_C@_0CJ@GJELGAMM@?$GAvector?5vbase?5copy?5constructor?5@ 000000018002ebb0     libvcruntime:undname.obj
 0002:00000be0       ??_C@_0CL@FGIJHLCE@?$GAmanaged?5vector?5copy?5constructo@ 000000018002ebe0     libvcruntime:undname.obj
 0002:00000c10       ??_C@_0BM@PMGGMLDN@?$GAlocal?5static?5thread?5guard?8@ 000000018002ec10     libvcruntime:undname.obj
 0002:00000c30       ??_C@_0N@BDNMDMOL@operator?5?$CC?$CC?5@ 000000018002ec30     libvcruntime:undname.obj
 0002:00000c40       ??_C@_0BC@GGEBGALA@operator?5co_await@ 000000018002ec40     libvcruntime:undname.obj
 0002:00000c58       ??_C@_0BC@DAFEJGAK@?5Type?5Descriptor?8@ 000000018002ec58     libvcruntime:undname.obj
 0002:00000c70       ??_C@_0BM@LDKODKLH@?5Base?5Class?5Descriptor?5at?5?$CI@ 000000018002ec70     libvcruntime:undname.obj
 0002:00000c90       ??_C@_0BD@LGICGFMM@?5Base?5Class?5Array?8@ 000000018002ec90     libvcruntime:undname.obj
 0002:00000ca8       ??_C@_0BN@MECKDCOJ@?5Class?5Hierarchy?5Descriptor?8@ 000000018002eca8     libvcruntime:undname.obj
 0002:00000cc8       ??_C@_0BK@CFCOFLF@?5Complete?5Object?5Locator?8@ 000000018002ecc8     libvcruntime:undname.obj
 0002:00000d00       ??_C@_1DM@KHCHBNEB@?$AAa?$AAp?$AAi?$AA?9?$AAm?$AAs?$AA?9?$AAw?$AAi?$AAn?$AA?9?$AAc?$AAo?$AAr?$AAe@ 000000018002ed00     libvcruntime:winapi_downlevel.obj
 0002:00000d40       ??_C@_1DK@LPPGFMPP@?$AAa?$AAp?$AAi?$AA?9?$AAm?$AAs?$AA?9?$AAw?$AAi?$AAn?$AA?9?$AAc?$AAo?$AAr?$AAe@ 000000018002ed40     libvcruntime:winapi_downlevel.obj
 0002:00000d80       ??_C@_1BC@GDMECMAK@?$AAk?$AAe?$AAr?$AAn?$AAe?$AAl?$AA3?$AA2@ 000000018002ed80     libvcruntime:winapi_downlevel.obj
 0002:00000d98       ??_C@_1BA@PFFKHIOG@?$AAa?$AAp?$AAi?$AA?9?$AAm?$AAs?$AA?9@ 000000018002ed98     libvcruntime:winapi_downlevel.obj
 0002:00000da8       ??_C@_1BA@IAIFMGEF@?$AAe?$AAx?$AAt?$AA?9?$AAm?$AAs?$AA?9@ 000000018002eda8     libvcruntime:winapi_downlevel.obj
 0002:00000dc0       ??_C@_08KNHFBNJ@FlsAlloc@  000000018002edc0     libvcruntime:winapi_downlevel.obj
 0002:00000dd8       ??_C@_07PEJMOBNF@FlsFree@  000000018002edd8     libvcruntime:winapi_downlevel.obj
 0002:00000de8       ??_C@_0M@GDNOONDI@FlsGetValue@ 000000018002ede8     libvcruntime:winapi_downlevel.obj
 0002:00000e00       ??_C@_0M@JCPCPOEF@FlsSetValue@ 000000018002ee00     libvcruntime:winapi_downlevel.obj
 0002:00000e18       ??_C@_0BM@HCFOFFN@InitializeCriticalSectionEx@ 000000018002ee18     libvcruntime:winapi_downlevel.obj
 0002:00000ee0       ??_7exception@std@@6B@     000000018002eee0     libvcruntime:frame.obj
 0002:00000ef0       ??_C@_0BC@EOODALEL@Unknown?5exception@ 000000018002eef0     libvcruntime:frame.obj
 0002:00000f10       ??_7bad_exception@std@@6B@ 000000018002ef10     libvcruntime:frame.obj
 0002:00000f20       ??_C@_0O@DPKOEFFH@bad?5exception@ 000000018002ef20     libvcruntime:frame.obj
 0002:00000f70       standard_lookup_table      000000018002ef70     libucrt:output.obj
 0002:00000fd0       ??_C@_1O@CEDCILHN@?$AA?$CI?$AAn?$AAu?$AAl?$AAl?$AA?$CJ?$AA?$AA@ 000000018002efd0     libucrt:output.obj
 0002:00000fe0       ??_C@_06OJHGLDPL@?$CInull?$CJ?$AA@ 000000018002efe0     libucrt:output.obj
 0002:00000fe8       ??_C@_1BI@BGOHAHKC@?$AAm?$AAs?$AAc?$AAo?$AAr?$AAe?$AAe?$AA?4?$AAd?$AAl?$AAl?$AA?$AA@ 000000018002efe8     libucrt:exit.obj
 0002:00001000       ??_C@_0P@MIGLKIOC@CorExitProcess?$AA@ 000000018002f000     libucrt:exit.obj
 0002:00001010       __acrt_exception_action_table 000000018002f010     libucrt:exception_filter.obj
 0002:000010d0       __acrt_signal_action_table_count 000000018002f0d0     libucrt:exception_filter.obj
 0002:000010d8       __acrt_signal_action_first_fpe_index 000000018002f0d8     libucrt:exception_filter.obj
 0002:000010e0       __acrt_signal_action_fpe_count 000000018002f0e0     libucrt:exception_filter.obj
 0002:00001350       ?ccs@?1???$__acrt_stdio_parse_mode@D@@YA?AU__acrt_stdio_stream_mode@@QEBD@Z@4QBDB 000000018002f350     libucrt:openfile.obj
 0002:00001354       ?utf8_encoding@?1???$__acrt_stdio_parse_mode@D@@YA?AU__acrt_stdio_stream_mode@@QEBD@Z@4QBDB 000000018002f354     libucrt:openfile.obj
 0002:00001360       ?utf16_encoding@?1???$__acrt_stdio_parse_mode@D@@YA?AU__acrt_stdio_stream_mode@@QEBD@Z@4QBDB 000000018002f360     libucrt:openfile.obj
 0002:00001368       ?unicode_encoding@?1???$__acrt_stdio_parse_mode@D@@YA?AU__acrt_stdio_stream_mode@@QEBD@Z@4QBDB 000000018002f368     libucrt:openfile.obj
 0002:00001410       ??_C@_1EA@JGEFHKEI@?$AAa?$AAp?$AAi?$AA?9?$AAm?$AAs?$AA?9?$AAw?$AAi?$AAn?$AA?9?$AAc?$AAo?$AAr?$AAe?$AA?9?$AAd?$AAa?$AAt?$AAe?$AAt?$AAi?$AAm?$AAe?$AA?9?$AAl?$AA1?$AA?9?$AA1?$AA?9?$AA1?$AA?$AA@ 000000018002f410     libucrt:winapi_thunks.obj
 0002:00001450       ??_C@_1DM@KHCHBNEB@?$AAa?$AAp?$AAi?$AA?9?$AAm?$AAs?$AA?9?$AAw?$AAi?$AAn?$AA?9?$AAc?$AAo?$AAr?$AAe?$AA?9?$AAf?$AAi?$AAb?$AAe?$AAr?$AAs?$AA?9?$AAl?$AA1?$AA?9?$AA1?$AA?9?$AA1?$AA?$AA@ 000000018002f450     libucrt:winapi_thunks.obj
 0002:00001490       ??_C@_1DI@IJCEHOCB@?$AAa?$AAp?$AAi?$AA?9?$AAm?$AAs?$AA?9?$AAw?$AAi?$AAn?$AA?9?$AAc?$AAo?$AAr?$AAe?$AA?9?$AAf?$AAi?$AAl?$AAe?$AA?9?$AAl?$AA1?$AA?9?$AA2?$AA?9?$AA2?$AA?$AA@ 000000018002f490     libucrt:winapi_thunks.obj
 0002:000014d0       ??_C@_1EI@MPIAOHOC@?$AAa?$AAp?$AAi?$AA?9?$AAm?$AAs?$AA?9?$AAw?$AAi?$AAn?$AA?9?$AAc?$AAo?$AAr?$AAe?$AA?9?$AAl?$AAo?$AAc?$AAa?$AAl?$AAi?$AAz?$AAa?$AAt?$AAi?$AAo?$AAn?$AA?9?$AAl?$AA1?$AA?9@ 000000018002f4d0     libucrt:winapi_thunks.obj
 0002:00001520       ??_C@_1FK@FPHCKFIE@?$AAa?$AAp?$AAi?$AA?9?$AAm?$AAs?$AA?9?$AAw?$AAi?$AAn?$AA?9?$AAc?$AAo?$AAr?$AAe?$AA?9?$AAl?$AAo?$AAc?$AAa?$AAl?$AAi?$AAz?$AAa?$AAt?$AAi?$AAo?$AAn?$AA?9?$AAo?$AAb?$AAs@ 000000018002f520     libucrt:winapi_thunks.obj
 0002:00001580       ??_C@_1EM@DILCGIIO@?$AAa?$AAp?$AAi?$AA?9?$AAm?$AAs?$AA?9?$AAw?$AAi?$AAn?$AA?9?$AAc?$AAo?$AAr?$AAe?$AA?9?$AAp?$AAr?$AAo?$AAc?$AAe?$AAs?$AAs?$AAt?$AAh?$AAr?$AAe?$AAa?$AAd?$AAs?$AA?9?$AAl@ 000000018002f580     libucrt:winapi_thunks.obj
 0002:000015d0       ??_C@_1DM@LNCGDDPN@?$AAa?$AAp?$AAi?$AA?9?$AAm?$AAs?$AA?9?$AAw?$AAi?$AAn?$AA?9?$AAc?$AAo?$AAr?$AAe?$AA?9?$AAs?$AAt?$AAr?$AAi?$AAn?$AAg?$AA?9?$AAl?$AA1?$AA?9?$AA1?$AA?9?$AA0?$AA?$AA@ 000000018002f5d0     libucrt:winapi_thunks.obj
 0002:00001610       ??_C@_1DK@LPPGFMPP@?$AAa?$AAp?$AAi?$AA?9?$AAm?$AAs?$AA?9?$AAw?$AAi?$AAn?$AA?9?$AAc?$AAo?$AAr?$AAe?$AA?9?$AAs?$AAy?$AAn?$AAc?$AAh?$AA?9?$AAl?$AA1?$AA?9?$AA2?$AA?9?$AA0?$AA?$AA@ 000000018002f610     libucrt:winapi_thunks.obj
 0002:00001650       ??_C@_1DO@FPAPJEMD@?$AAa?$AAp?$AAi?$AA?9?$AAm?$AAs?$AA?9?$AAw?$AAi?$AAn?$AA?9?$AAc?$AAo?$AAr?$AAe?$AA?9?$AAs?$AAy?$AAs?$AAi?$AAn?$AAf?$AAo?$AA?9?$AAl?$AA1?$AA?9?$AA2?$AA?9?$AA1?$AA?$AA@ 000000018002f650     libucrt:winapi_thunks.obj
 0002:00001690       ??_C@_1DK@NDHNAHIO@?$AAa?$AAp?$AAi?$AA?9?$AAm?$AAs?$AA?9?$AAw?$AAi?$AAn?$AA?9?$AAc?$AAo?$AAr?$AAe?$AA?9?$AAw?$AAi?$AAn?$AAr?$AAt?$AA?9?$AAl?$AA1?$AA?9?$AA1?$AA?9?$AA0?$AA?$AA@ 000000018002f690     libucrt:winapi_thunks.obj
 0002:000016d0       ??_C@_1DM@KGHDGBCM@?$AAa?$AAp?$AAi?$AA?9?$AAm?$AAs?$AA?9?$AAw?$AAi?$AAn?$AA?9?$AAc?$AAo?$AAr?$AAe?$AA?9?$AAx?$AAs?$AAt?$AAa?$AAt?$AAe?$AA?9?$AAl?$AA2?$AA?9?$AA1?$AA?9?$AA0?$AA?$AA@ 000000018002f6d0     libucrt:winapi_thunks.obj
 0002:00001710       ??_C@_1EO@IJIOEFOH@?$AAa?$AAp?$AAi?$AA?9?$AAm?$AAs?$AA?9?$AAw?$AAi?$AAn?$AA?9?$AAr?$AAt?$AAc?$AAo?$AAr?$AAe?$AA?9?$AAn?$AAt?$AAu?$AAs?$AAe?$AAr?$AA?9?$AAw?$AAi?$AAn?$AAd?$AAo?$AAw?$AA?9@ 000000018002f710     libucrt:winapi_thunks.obj
[...]
 0004:00001350       $pdata$__acrt_lowio_create_handle_array 0000000180042350     libucrt:osfinfo.obj
 0004:0000135c       $pdata$__acrt_lowio_destroy_handle_array 000000018004235c     libucrt:osfinfo.obj
 0004:00001368       $pdata$__acrt_lowio_ensure_fh_exists 0000000180042368     libucrt:osfinfo.obj
 0004:00001374       $pdata$__acrt_lowio_set_os_handle 0000000180042374     libucrt:osfinfo.obj
 0004:00001380       $pdata$_alloc_osfhnd       0000000180042380     libucrt:osfinfo.obj
 0004:0000138c       $pdata$_free_osfhnd        000000018004238c     libucrt:osfinfo.obj
 0004:00001398       $pdata$_get_osfhandle      0000000180042398     libucrt:osfinfo.obj
 0004:000013a4       $pdata$_isatty             00000001800423a4     libucrt:isatty.obj
 0004:000013b0       $pdata$??$common_lseek@_J@@YA_JH_JH@Z 00000001800423b0     libucrt:lseek.obj
 0004:000013bc       $pdata$??$common_lseek_nolock@_J@@YA_JH_JH@Z 00000001800423bc     libucrt:lseek.obj
 0004:000013c8       $pdata$_putwch_nolock      00000001800423c8     libucrt:putwch.obj
 0004:000013d4       $pdata$__acrt_stdio_allocate_buffer_nolock 00000001800423d4     libucrt:_getbuf.obj
 0004:000013e0       $pdata$_isleadbyte_l       00000001800423e0     libucrt:_wctype.obj
 0004:000013ec       $pdata$?__acrt_LCMapStringA_stat@@YAHPEAU__crt_locale_pointers@@PEB_WKPEBDHPEADHHH@Z 00000001800423ec     libucrt:lcmapstringa.obj
 0004:000013f8       $pdata$__acrt_LCMapStringA 00000001800423f8     libucrt:lcmapstringa.obj
 0004:00001404       $pdata$__acrt_free_locale  0000000180042404     libucrt:locale_refcounting.obj
 0004:00001410       $pdata$__acrt_locale_free_lc_time_if_unreferenced 0000000180042410     libucrt:locale_refcounting.obj
 0004:0000141c       $pdata$__acrt_release_locale_ref 000000018004241c     libucrt:locale_refcounting.obj
 0004:00001428       $pdata$__acrt_update_thread_locale_data 0000000180042428     libucrt:locale_refcounting.obj
 0004:00001434       $pdata$_updatetlocinfoEx_nolock 0000000180042434     libucrt:locale_refcounting.obj
 0004:00001440       $pdata$__acrt_locale_free_monetary 0000000180042440     libucrt:initmon.obj
 0004:0000144c       $pdata$__acrt_locale_free_numeric 000000018004244c     libucrt:initnum.obj
 0004:00001458       $pdata$?free_crt_array_internal@@YAXQEAPEBX_K@Z 0000000180042458     libucrt:inittime.obj
 0004:00001464       $pdata$__acrt_locale_free_time 0000000180042464     libucrt:inittime.obj
 0004:00001470       $pdata$__acrt_GetStringTypeA 0000000180042470     libucrt:getstringtypea.obj
 0004:0000147c       $pdata$?__mbrtowc_utf8@__crt_mbstring@@YA_KPEA_WPEBD_KPEAU_Mbstatet@@@Z 000000018004247c     libucrt:mbrtowc.obj
 0004:00001488       $pdata$?__mbsrtowcs_utf8@__crt_mbstring@@YA_KPEA_WPEAPEBD_KPEAU_Mbstatet@@@Z 0000000180042488     libucrt:mbrtowc.obj
 0004:00001494       $pdata$__acrt_fp_strflt_to_string 0000000180042494     libucrt:_fptostr.obj
 0004:000014a0       $pdata$?divide@__crt_strtox@@YA_KAEAUbig_integer@1@AEBU21@@Z 00000001800424a0     libucrt:cfout.obj
 0004:000014ac       $pdata$0$?divide@__crt_strtox@@YA_KAEAUbig_integer@1@AEBU21@@Z 00000001800424ac     libucrt:cfout.obj
 0004:000014b8       $pdata$6$?divide@__crt_strtox@@YA_KAEAUbig_integer@1@AEBU21@@Z 00000001800424b8     libucrt:cfout.obj
 0004:000014c4       $pdata$7$?divide@__crt_strtox@@YA_KAEAUbig_integer@1@AEBU21@@Z 00000001800424c4     libucrt:cfout.obj
 0004:000014d0       $pdata$8$?divide@__crt_strtox@@YA_KAEAUbig_integer@1@AEBU21@@Z 00000001800424d0     libucrt:cfout.obj
 0004:000014dc       $pdata$__acrt_fltout       00000001800424dc     libucrt:cfout.obj
 0004:000014e8       $pdata$memcpy_s            00000001800424e8     libucrt:cfout.obj
 0004:000014f4       $pdata$qsort               00000001800424f4     libucrt:qsort.obj
 0004:00001500       $pdata$4$qsort             0000000180042500     libucrt:qsort.obj
 0004:0000150c       $pdata$5$qsort             000000018004250c     libucrt:qsort.obj
 0004:00001518       $pdata$strncpy_s           0000000180042518     libucrt:strncpy_s.obj
 0004:00001524       $pdata$fallbackMethod      0000000180042524     libucrt:strpbrk.obj
 0004:00001530       $pdata$strpbrk             0000000180042530     libucrt:strpbrk.obj
 0004:0000153c       $pdata$??$__acrt_convert_wcs_mbs@D_W$$A6A_KPEA_WPEBD_KPEAU__crt_locale_pointers@@@ZU__crt_win32_buffer_internal_dynamic_resizing@@@@YAHQEBDAEAV?$__crt_win32_buffer@_WU__crt_win32_buffer_internal_dynamic_resizing@@@@A6A_KPEA_WPEBD_KPEAU__crt_locale_pointers@@@Z5@Z 000000018004253c     libucrt:findfirstfileexa.obj
 0004:00001548       $pdata$__acrt_FindFirstFileExA 0000000180042548     libucrt:findfirstfileexa.obj
 0004:00001554       $pdata$??$__acrt_convert_wcs_mbs@_WD$$A6A_KPEADPEB_W_KPEAU__crt_locale_pointers@@@ZU__crt_win32_buffer_no_resizing@@@@YAHQEB_WAEAV?$__crt_win32_buffer@DU__crt_win32_buffer_no_resizing@@@@A6A_KPEADPEB_W_KPEAU__crt_locale_pointers@@@Z5@Z 0000000180042554     libucrt:findnextfilea.obj
 0004:00001560       $pdata$__acrt_FindNextFileA 0000000180042560     libucrt:findnextfilea.obj
 0004:0000156c       $pdata$_mbsdec_l           000000018004256c     libucrt:mbsdec.obj
 0004:00001578       $pdata$?_mbstowcs_l_helper@@YA_KPEA_WPEBD_KPEAU__crt_locale_pointers@@@Z 0000000180042578     libucrt:mbstowcs.obj
 0004:00001584       $pdata$?initialize_multibyte@@YAHXZ 0000000180042584     libucrt:multibyte_initializer.obj
 0004:00001590       $pdata$_msize_base         0000000180042590     libucrt:msize.obj
 0004:0000159c       $pdata$_get_fmode          000000018004259c     libucrt:setmode.obj
 0004:000015a8       $pdata$_setmode_nolock     00000001800425a8     libucrt:setmode.obj
 0004:000015b4       $pdata$_chsize_nolock      00000001800425b4     libucrt:chsize.obj
 0004:000015c0       $pdata$__dcrt_lowio_ensure_console_output_initialized 00000001800425c0     libucrt:initcon.obj
 0004:000015cc       $pdata$__dcrt_terminate_console_output 00000001800425cc     libucrt:initcon.obj
 0004:000015d8       $pdata$__dcrt_write_console 00000001800425d8     libucrt:initcon.obj
 0004:000015e4       $pdata$?__mbrtoc32_utf8@__crt_mbstring@@YA_KPEA_UPEBD_KPEAU_Mbstatet@@@Z 00000001800425e4     libucrt:mbrtoc32.obj
 0004:000015f0       $pdata$fegetenv            00000001800425f0     libucrt:fegetenv.obj
 0004:000015fc       $pdata$fesetenv            00000001800425fc     libucrt:fesetenv.obj
 0004:00001608       $pdata$feholdexcept        0000000180042608     libucrt:feholdexcept.obj
 0004:00001620       $pdata$?_wcstombs_l_helper@@YA_KPEADPEB_W_KPEAU__crt_locale_pointers@@@Z 0000000180042620     libucrt:wcstombs.obj
 0004:0000162c       $pdata$__acrt_fenv_set_control 000000018004262c     libucrt:_fenvutils.obj
 0004:00001638       $pdata$_clearfp            0000000180042638     libucrt:ieee.obj
 0004:00001644       $pdata$_call_matherr       0000000180042644     libucrt:libm_error.obj
 0004:00001650       $pdata$_exception_enabled  0000000180042650     libucrt:libm_error.obj
 0004:0000165c       $pdata$_handle_error       000000018004265c     libucrt:libm_error.obj
 0004:00001668       $pdata$__acrt_initialize_fma3 0000000180042668     libucrt:fma3_available.obj
 0004:00001674       $pdata$_log10_special      0000000180042674     libucrt:log_special.obj
 0004:00001680       $pdata$_log_special        0000000180042680     libucrt:log_special.obj
 0004:0000168c       $pdata$_log_special_common 000000018004268c     libucrt:log_special.obj
 0004:00001698       $pdata$?__wcsrtombs_utf8@__crt_mbstring@@YA_KPEADPEAPEB_W_KPEAU_Mbstatet@@@Z 0000000180042698     libucrt:wcrtomb.obj
 0004:000016b0       $pdata$_raise_exc          00000001800426b0     libucrt:fpexcept.obj
 0004:000016bc       $pdata$_raise_exc_ex       00000001800426bc     libucrt:fpexcept.obj
 0004:000016c8       $pdata$_set_errno_from_matherr 00000001800426c8     libucrt:fpexcept.obj
 0004:000016d4       $pdata$_clrfp              00000001800426d4     libucrt:fpctrl.obj
 0004:000016e0       $pdata$_ctrlfp             00000001800426e0     libucrt:fpctrl.obj
 0004:000016ec       $pdata$_set_statfp         00000001800426ec     libucrt:fpctrl.obj
 0004:000016f8       $pdata$_statfp             00000001800426f8     libucrt:fpctrl.obj
 0004:00001704       $pdata$?__c16rtomb_utf8@__crt_mbstring@@YA_KPEAD_SPEAU_Mbstatet@@@Z 0000000180042704     libucrt:c16rtomb.obj
 0004:00001710       $pdata$?__c32rtomb_utf8@__crt_mbstring@@YA_KPEAD_UPEAU_Mbstatet@@@Z 0000000180042710     libucrt:c32rtomb.obj
 0004:0000171c       $pdata$?DloadAcquireSectionWriteAccess@@YAXXZ 000000018004271c     DelayImp:delayhlp.obj
 0004:00001728       $pdata$?DloadGetSRWLockFunctionPointers@@YAEXZ 0000000180042728     DelayImp:delayhlp.obj
 0004:00001734       $pdata$?DloadMakePermanentImageCommit@@YAXPEAX_K@Z 0000000180042734     DelayImp:delayhlp.obj
 0004:00001740       $pdata$?DloadObtainSection@@YAPEAXPEAK0@Z 0000000180042740     DelayImp:delayhlp.obj
 0004:0000174c       $pdata$?DloadProtectSection@@YAXKPEAK@Z 000000018004274c     DelayImp:delayhlp.obj
 0004:00001758       $pdata$?DloadReleaseSectionWriteAccess@@YAXXZ 0000000180042758     DelayImp:delayhlp.obj
 0004:00001764       $pdata$__delayLoadHelper2  0000000180042764     DelayImp:delayhlp.obj
 0004:00001770       $pdata$_IsNonwritableInCurrentImage 0000000180042770     LIBCMT:pesect.obj
 0004:0000177c       $pdata$??_Gtype_info@@UEAAPEAXI@Z 000000018004277c     LIBCMT:std_type_info_static.obj
 0004:00001788       $pdata$__GSHandlerCheck    0000000180042788     LIBCMT:_gshandler_.obj
 0004:00001794       $pdata$__GSHandlerCheckCommon 0000000180042794     LIBCMT:_gshandler_.obj
 0004:000017ac       $pdata$__GSHandlerCheck_EH 00000001800427ac     LIBCMT:gshandlereh.obj
 0004:000017c4       $pdata$strrchr             00000001800427c4     libvcruntime:strrchr.obj
 0004:000017d0       $pdata$acos                00000001800427d0     libucrt:acos.obj
 0004:00001800       $pdata$sqrt                0000000180042800     libucrt:sqrt.obj
 0004:0000180c       $pdata$_exp_special        000000018004280c     libucrt:exp_special.obj
 0004:00001818       $pdata$_pow_special        0000000180042818     libucrt:pow_special.obj
 0004:00001830       $pdata$?fin$0@?0??dllmain_crt_process_attach@@YAHQEAUHINSTANCE__@@QEAX@Z@4HA 0000000180042830     LIBCMT:dll_dllmain.obj
 0004:0000183c       $pdata$?fin$0@?0??dllmain_crt_process_detach@@YAH_N@Z@4HA 000000018004283c     LIBCMT:dll_dllmain.obj
 0004:00001848       $pdata$?filt$0@?0??dllmain_dispatch@@YAHQEAUHINSTANCE__@@KQEAX@Z@4HA 0000000180042848     LIBCMT:dll_dllmain.obj
 0004:00001854       $pdata$__scrt_is_nonwritable_in_current_image$filt$0 0000000180042854     LIBCMT:utility.obj
 0004:00001860       $pdata$__DestructExceptionObject$filt$0 0000000180042860     libvcruntime:ehhelpers.obj
 0004:0000186c       $pdata$?filt$0@?0???$_CallSETranslator@V__FrameHandler3@@@@YAHPEAUEHExceptionRecord@@PEA_KPEAU_CONTEXT@@PEAU_xDISPATCHER_CONTEXT@@PEBU_s_FuncInfo@@K1@Z@4HA 000000018004286c     libvcruntime:risctrnsctrl.obj
 0004:00001878       $pdata$?filt$0@?0??CxxCallCatchBlock@__FrameHandler3@@SAPEAXPEAU_EXCEPTION_RECORD@@@Z@4HA 0000000180042878     libvcruntime:frame.obj
 0004:00001884       $pdata$?fin$1@?0??CxxCallCatchBlock@__FrameHandler3@@SAPEAXPEAU_EXCEPTION_RECORD@@@Z@4HA 0000000180042884     libvcruntime:frame.obj
 0004:00001890       $pdata$?filt$0@?0??FrameUnwindToState@__FrameHandler3@@SAXPEA_KPEAU_xDISPATCHER_CONTEXT@@PEBU_s_FuncInfo@@H@Z@4HA 0000000180042890     libvcruntime:frame.obj
 0004:0000189c       $pdata$?fin$1@?0??FrameUnwindToState@__FrameHandler3@@SAXPEA_KPEAU_xDISPATCHER_CONTEXT@@PEBU_s_FuncInfo@@H@Z@4HA 000000018004289c     libvcruntime:frame.obj
 0004:000018a8       $pdata$?fin$0@?0???$common_fsopen@D@@YAPEAU_iobuf@@QEBD0H@Z@4HA 00000001800428a8     libucrt:fopen.obj
 0004:000018b4       $pdata$fclose$fin$0        00000001800428b4     libucrt:fclose.obj
 0004:000018c0       $pdata$?fin$0@?0???$?RV<lambda_bdbcead8b570fa3d5ec6d9679862a6e5>@@AEAV<lambda_96f4279ff90247a4c5c5d9824f56f8c1>@@V<lambda_4606be27f17b5e5579e09050fab91818>@@@?$__crt_seh_guarded_call@_K@@QEAA_K$$QEAV<lambda_bdbcead8b570fa3d5ec6d9679862a6e5>@@AEAV<lambda_96f4279ff90247a4c5c5d9824f56f8c1>@@$$QEAV<lambda_4606be27f17b5e5579e09050fab91818>@@@Z@4HA 00000001800428c0     libucrt:fwrite.obj
 0004:000018c0       $pdata$?fin$0@?0???$?RV<lambda_a62c933ada0517137acf5807a1eeac1f>@@AEAV<lambda_a31071773b9a94e445cbd5d04ef99106>@@V<lambda_56065050dbf3ada7e59a83db45153de3>@@@?$__crt_seh_guarded_call@H@@QEAAH$$QEAV<lambda_a62c933ada0517137acf5807a1eeac1f>@@AEAV<lambda_a31071773b9a94e445cbd5d04ef99106>@@$$QEAV<lambda_56065050dbf3ada7e59a83db45153de3>@@@Z@4HA 00000001800428c0     libucrt:output.obj
 0004:000018c0       $pdata$?fin$0@?0???$?RV<lambda_842d9ff0dc9ef11c61343bbaebe7f885>@@AEAV<lambda_c5860995281e5c4ce005b3de8f5874ee>@@V<lambda_d90129c13df834fdcbf8d2b88dafcf2d>@@@?$__crt_seh_guarded_call@X@@QEAAX$$QEAV<lambda_842d9ff0dc9ef11c61343bbaebe7f885>@@AEAV<lambda_c5860995281e5c4ce005b3de8f5874ee>@@$$QEAV<lambda_d90129c13df834fdcbf8d2b88dafcf2d>@@@Z@4HA 00000001800428c0     libucrt:fflush.obj
 0004:000018cc       $pdata$fread_s$fin$0       00000001800428cc     libucrt:fread.obj
 0004:000018d8       $pdata$?fin$0@?0???$?RV<lambda_aa87e3671a710a21b5dc78c0bdf72e11>@@AEAV<lambda_92619d2358a28f41a33ba319515a20b9>@@V<lambda_6992ecaafeb10aed2b74cb1fae11a551>@@@?$__crt_seh_guarded_call@X@@QEAAX$$QEAV<lambda_aa87e3671a710a21b5dc78c0bdf72e11>@@AEAV<lambda_92619d2358a28f41a33ba319515a20b9>@@$$QEAV<lambda_6992ecaafeb10aed2b74cb1fae11a551>@@@Z@4HA 00000001800428d8     libucrt:per_thread_data.obj
 0004:000018d8       $pdata$?fin$0@?0???$?RV<lambda_d80eeec6fff315bfe5c115232f3240e3>@@AEAV<lambda_6e4b09c48022b2350581041d5f6b0c4c>@@V<lambda_2358e3775559c9db80273638284d5e45>@@@?$__crt_seh_guarded_call@X@@QEAAX$$QEAV<lambda_d80eeec6fff315bfe5c115232f3240e3>@@AEAV<lambda_6e4b09c48022b2350581041d5f6b0c4c>@@$$QEAV<lambda_2358e3775559c9db80273638284d5e45>@@@Z@4HA 00000001800428d8     libucrt:exit.obj
 0004:000018d8       $pdata$?fin$0@?0???$?RV<lambda_450d765d439847d4c735a33c368b5fc0>@@AEAV<lambda_44731a7d0e6d81c3e6aa82d741081786>@@V<lambda_601a2a7da3b7a96e9554ac7215c4b07c>@@@?$__crt_seh_guarded_call@P6AXH@Z@@QEAAP6AXH@Z$$QEAV<lambda_450d765d439847d4c735a33c368b5fc0>@@AEAV<lambda_44731a7d0e6d81c3e6aa82d741081786>@@$$QEAV<lambda_601a2a7da3b7a96e9554ac7215c4b07c>@@@Z@4HA 00000001800428d8     libucrt:signal.obj
 0004:000018d8       $pdata$?fin$0@?0???$?RV<lambda_7777bce6b2f8c936911f934f8298dc43>@@AEAV<lambda_f03950bc5685219e0bcd2087efbe011e>@@V<lambda_3883c3dff614d5e0c5f61bb1ac94921c>@@@?$__crt_seh_guarded_call@H@@QEAAH$$QEAV<lambda_7777bce6b2f8c936911f934f8298dc43>@@AEAV<lambda_f03950bc5685219e0bcd2087efbe011e>@@$$QEAV<lambda_3883c3dff614d5e0c5f61bb1ac94921c>@@@Z@4HA 00000001800428d8     libucrt:onexit.obj
 0004:000018d8       $pdata$?fin$0@?0???$?RV<lambda_2d41944a1d46af3157314b8a01080d33>@@AEAV<lambda_8f455de75cd7d7f24b4096f044d8b9e6>@@V<lambda_aa500f224e6afead328df44964fe2772>@@@?$__crt_seh_guarded_call@X@@QEAAX$$QEAV<lambda_2d41944a1d46af3157314b8a01080d33>@@AEAV<lambda_8f455de75cd7d7f24b4096f044d8b9e6>@@$$QEAV<lambda_aa500f224e6afead328df44964fe2772>@@@Z@4HA 00000001800428d8     libucrt:per_thread_data.obj
 0004:000018d8       $pdata$?fin$0@?0???$?RV<lambda_f2e299630e499de9f9a165e60fcd3db5>@@AEAV<lambda_2ae9d31cdba2644fcbeaf08da7c24588>@@V<lambda_40d01ff24d0e7b3814fdbdcee8eab3c7>@@@?$__crt_seh_guarded_call@X@@QEAAX$$QEAV<lambda_f2e299630e499de9f9a165e60fcd3db5>@@AEAV<lambda_2ae9d31cdba2644fcbeaf08da7c24588>@@$$QEAV<lambda_40d01ff24d0e7b3814fdbdcee8eab3c7>@@@Z@4HA 00000001800428d8     libucrt:per_thread_data.obj
 0004:000018d8       $pdata$?fin$0@?0???$?RV<lambda_efdfa57d1f175319df784efa44bb7b81>@@AEAV<lambda_5f0a4c1567f8adc6734073e5d1e1b35c>@@V<lambda_2e8a7d3640ea6ccb4c2413664c2db6fd>@@@?$__crt_seh_guarded_call@X@@QEAAX$$QEAV<lambda_efdfa57d1f175319df784efa44bb7b81>@@AEAV<lambda_5f0a4c1567f8adc6734073e5d1e1b35c>@@$$QEAV<lambda_2e8a7d3640ea6ccb4c2413664c2db6fd>@@@Z@4HA 00000001800428d8     libucrt:mbctype.obj
 0004:000018d8       $pdata$?fin$0@?0???$?RV<lambda_0ae27a3a962d80f24befdcbee591983d>@@AEAV<lambda_8d0ee55de4b1038c4002e0adecdf1839>@@V<lambda_dc504788e8f1664fe9b84e20bfb512f2>@@@?$__crt_seh_guarded_call@X@@QEAAX$$QEAV<lambda_0ae27a3a962d80f24befdcbee591983d>@@AEAV<lambda_8d0ee55de4b1038c4002e0adecdf1839>@@$$QEAV<lambda_dc504788e8f1664fe9b84e20bfb512f2>@@@Z@4HA 00000001800428d8     libucrt:per_thread_data.obj
 0004:000018e4       $pdata$?filt$0@?0???R<lambda_6e4b09c48022b2350581041d5f6b0c4c>@@QEBA@XZ@4HA 00000001800428e4     libucrt:exit.obj
 0004:000018f0       $pdata$_fcloseall$fin$0    00000001800428f0     libucrt:closeall.obj
 0004:000018f0       $pdata$?fin$0@?0??__acrt_stdio_allocate_stream@@YA?AV__crt_stdio_stream@@XZ@4HA 00000001800428f0     libucrt:stream.obj
 0004:000018fc       $pdata$?fin$0@?0???$?RV<lambda_886d6c58226a84441f68b9f2b8217b83>@@AEAV<lambda_ab61a845afdef5b7c387490eaf3616ee>@@V<lambda_f7f22ab5edc0698d5f6905b0d3f44752>@@@?$__crt_seh_guarded_call@X@@QEAAX$$QEAV<lambda_886d6c58226a84441f68b9f2b8217b83>@@AEAV<lambda_ab61a845afdef5b7c387490eaf3616ee>@@$$QEAV<lambda_f7f22ab5edc0698d5f6905b0d3f44752>@@@Z@4HA 00000001800428fc     libucrt:fflush.obj
 0004:00001908       $pdata$__acrt_lowio_ensure_fh_exists$fin$0 0000000180042908     libucrt:osfinfo.obj
 0004:00001908       $pdata$__acrt_initialize_lowio$fin$0 0000000180042908     libucrt:ioinit.obj
 0004:00001908       $pdata$_alloc_osfhnd$fin$0 0000000180042908     libucrt:osfinfo.obj
 0004:00001914       $pdata$?fin$0@?0???$?RV<lambda_751a882b2c74d4b022dec766aa51a29a>@@AEAV<lambda_628dfdc04ba53c8bfc02c9951375f3f5>@@V<lambda_f6c7be5f7998530c34de24c7437d6b54>@@@?$__crt_seh_guarded_call@H@@QEAAH$$QEAV<lambda_751a882b2c74d4b022dec766aa51a29a>@@AEAV<lambda_628dfdc04ba53c8bfc02c9951375f3f5>@@$$QEAV<lambda_f6c7be5f7998530c34de24c7437d6b54>@@@Z@4HA 0000000180042914     libucrt:close.obj
 0004:00001914       $pdata$?fin$0@?0???$?RV<lambda_a37b2b86f63e897a80ea819b0eb08c01>@@AEAV<lambda_38ce7e780aa69e748d6df282ebc68efe>@@V<lambda_99fb1378e971ab6e7edea83e3a7a83a2>@@@?$__crt_seh_guarded_call@H@@QEAAH$$QEAV<lambda_a37b2b86f63e897a80ea819b0eb08c01>@@AEAV<lambda_38ce7e780aa69e748d6df282ebc68efe>@@$$QEAV<lambda_99fb1378e971ab6e7edea83e3a7a83a2>@@@Z@4HA 0000000180042914     libucrt:commit.obj
 0004:00001920       $pdata$_write$fin$0        0000000180042920     libucrt:write.obj
 0004:00001920       $pdata$?fin$0@?0???$common_lseek@_J@@YA_JH_JH@Z@4HA 0000000180042920     libucrt:lseek.obj
 0004:0000192c       $pdata$_read$fin$0         000000018004292c     libucrt:read.obj
 0004:00001938       $pdata$?fin$0@?0???$?RV<lambda_410d79af7f07d98d83a3f525b3859a53>@@AEAV<lambda_3e16ef9562a7dcce91392c22ab16ea36>@@V<lambda_38119f0e861e05405d8a144b9b982f0a>@@@?$__crt_seh_guarded_call@X@@QEAAX$$QEAV<lambda_410d79af7f07d98d83a3f525b3859a53>@@AEAV<lambda_3e16ef9562a7dcce91392c22ab16ea36>@@$$QEAV<lambda_38119f0e861e05405d8a144b9b982f0a>@@@Z@4HA 0000000180042938     libucrt:wsetlocale.obj
 0004:00001944       $pdata$?fin$0@?0??update_thread_multibyte_data_internal@@YAPEAU__crt_multibyte_data@@QEAU__acrt_ptd@@QEAPEAU1@@Z@4HA 0000000180042944     libucrt:mbctype.obj
 0004:00001950       $pdata$_query_new_handler$fin$0 0000000180042950     libucrt:new_handler.obj
 0004:0000195c       $pdata$raise$fin$0         000000018004295c     libucrt:signal.obj
 0004:00001968       $pdata$?fin$0@?0???$common_sopen_dispatch@D@@YAHQEBDHHHQEAHH@Z@4HA 0000000180042968     libucrt:open.obj
 0004:00001974       $pdata$__acrt_update_thread_locale_data$fin$0 0000000180042974     libucrt:locale_refcounting.obj
 0004:00001980       $pdata$_ctrlfp$filt$0      0000000180042980     libucrt:fpctrl.obj
 0004:0000198c       $pdata$_IsNonwritableInCurrentImage$filt$0 000000018004298c     LIBCMT:pesect.obj
 0005:00000060       $R000000                   0000000180043060     * linker generated manifest res *

 Exports

  ordinal    name

        1    _register_hello_
